################################################################################
#                                                                              #
#      IAR Universal Linker V5.2.4.16                                          #
#                                                                              #
#           Link time     =  04/May/2015  17:39:19                             #
#           Target CPU    =  MSP430                                            #
#           List file     =  "C:\ti\msp430\SimpliciTI_IAR_1_2_0_5xx\Projects\E #
#                            xamples\PGNF5529\AP_as_Data_Hub\IAR\CC2500-End De #
#                            vice\List\Ap_as_Data_Hub.map"                     #
#           Output file 1 =  "C:\ti\msp430\SimpliciTI_IAR_1_2_0_5xx\Projects\E #
#                            xamples\PGNF5529\AP_as_Data_Hub\IAR\CC2500-End De #
#                            vice\Exe\Ap_as_Data_Hub.d43"                      #
#                            Format: debug                                     #
#                            UBROF version 10.0.6                              #
#                            Using library modules for C-SPY (-rt)             #
#           Command line  =  "C:\ti\msp430\SimpliciTI_IAR_1_2_0_5xx\Projects\E #
#                            xamples\PGNF5529\AP_as_Data_Hub\IAR\CC2500-End De #
#                            vice\Obj\bsp.r43"                                 #
#                            "C:\ti\msp430\SimpliciTI_IAR_1_2_0_5xx\Projects\E #
#                            xamples\PGNF5529\AP_as_Data_Hub\IAR\CC2500-End De #
#                            vice\Obj\main_manyEDs_autoack.r43"                #
#                            "C:\ti\msp430\SimpliciTI_IAR_1_2_0_5xx\Projects\E #
#                            xamples\PGNF5529\AP_as_Data_Hub\IAR\CC2500-End De #
#                            vice\Obj\mrfi.r43"                                #
#                            "C:\ti\msp430\SimpliciTI_IAR_1_2_0_5xx\Projects\E #
#                            xamples\PGNF5529\AP_as_Data_Hub\IAR\CC2500-End De #
#                            vice\Obj\nwk.r43"                                 #
#                            "C:\ti\msp430\SimpliciTI_IAR_1_2_0_5xx\Projects\E #
#                            xamples\PGNF5529\AP_as_Data_Hub\IAR\CC2500-End De #
#                            vice\Obj\nwk_QMgmt.r43"                           #
#                            "C:\ti\msp430\SimpliciTI_IAR_1_2_0_5xx\Projects\E #
#                            xamples\PGNF5529\AP_as_Data_Hub\IAR\CC2500-End De #
#                            vice\Obj\nwk_api.r43"                             #
#                            "C:\ti\msp430\SimpliciTI_IAR_1_2_0_5xx\Projects\E #
#                            xamples\PGNF5529\AP_as_Data_Hub\IAR\CC2500-End De #
#                            vice\Obj\nwk_frame.r43"                           #
#                            "C:\ti\msp430\SimpliciTI_IAR_1_2_0_5xx\Projects\E #
#                            xamples\PGNF5529\AP_as_Data_Hub\IAR\CC2500-End De #
#                            vice\Obj\nwk_freq.r43"                            #
#                            "C:\ti\msp430\SimpliciTI_IAR_1_2_0_5xx\Projects\E #
#                            xamples\PGNF5529\AP_as_Data_Hub\IAR\CC2500-End De #
#                            vice\Obj\nwk_globals.r43"                         #
#                            "C:\ti\msp430\SimpliciTI_IAR_1_2_0_5xx\Projects\E #
#                            xamples\PGNF5529\AP_as_Data_Hub\IAR\CC2500-End De #
#                            vice\Obj\nwk_ioctl.r43"                           #
#                            "C:\ti\msp430\SimpliciTI_IAR_1_2_0_5xx\Projects\E #
#                            xamples\PGNF5529\AP_as_Data_Hub\IAR\CC2500-End De #
#                            vice\Obj\nwk_join.r43"                            #
#                            "C:\ti\msp430\SimpliciTI_IAR_1_2_0_5xx\Projects\E #
#                            xamples\PGNF5529\AP_as_Data_Hub\IAR\CC2500-End De #
#                            vice\Obj\nwk_link.r43"                            #
#                            "C:\ti\msp430\SimpliciTI_IAR_1_2_0_5xx\Projects\E #
#                            xamples\PGNF5529\AP_as_Data_Hub\IAR\CC2500-End De #
#                            vice\Obj\nwk_mgmt.r43"                            #
#                            "C:\ti\msp430\SimpliciTI_IAR_1_2_0_5xx\Projects\E #
#                            xamples\PGNF5529\AP_as_Data_Hub\IAR\CC2500-End De #
#                            vice\Obj\nwk_ping.r43"                            #
#                            "C:\ti\msp430\SimpliciTI_IAR_1_2_0_5xx\Projects\E #
#                            xamples\PGNF5529\AP_as_Data_Hub\IAR\CC2500-End De #
#                            vice\Obj\nwk_pll.r43"                             #
#                            "C:\ti\msp430\SimpliciTI_IAR_1_2_0_5xx\Projects\E #
#                            xamples\PGNF5529\AP_as_Data_Hub\IAR\CC2500-End De #
#                            vice\Obj\nwk_security.r43"                        #
#                            -o                                                #
#                            "C:\ti\msp430\SimpliciTI_IAR_1_2_0_5xx\Projects\E #
#                            xamples\PGNF5529\AP_as_Data_Hub\IAR\CC2500-End De #
#                            vice\Exe\Ap_as_Data_Hub.d43"                      #
#                            -l                                                #
#                            "C:\ti\msp430\SimpliciTI_IAR_1_2_0_5xx\Projects\E #
#                            xamples\PGNF5529\AP_as_Data_Hub\IAR\CC2500-End De #
#                            vice\List\Ap_as_Data_Hub.map"                     #
#                            -xmsnio                                           #
#                            "-IC:\Program Files (x86)\IAR Systems\Embedded Wo #
#                            rkbench 6.0\430\LIB\"                             #
#                            -f                                                #
#                            "C:\Program Files (x86)\IAR Systems\Embedded Work #
#                            bench 6.0\430\CONFIG\lnk430F5529.xcl"             #
#                            (-cmsp430 -D?CPU30_OFFSET=2 -QCODE_I=CODE_ID      #
#                            -Z(DATA)DATA16_I,DATA16_Z,DATA16_N,TLS16_I,DATA16 #
#                            _HEAP+_DATA16_HEAP_SIZE=2400-43FF                 #
#                            -Z(DATA)CODE_I                                    #
#                            -Z(DATA)DATA20_I,DATA20_Z,DATA20_N,DATA20_HEAP+_D #
#                            ATA20_HEAP_SIZE                                   #
#                            -Z(DATA)CSTACK+_STACK_SIZE#                       #
#                            -Z(CONST)INFO=1800-19FF                           #
#                            -Z(CONST)INFOA=1980-19FF                          #
#                            -Z(CONST)INFOB=1900-197F                          #
#                            -Z(CONST)INFOC=1880-18FF                          #
#                            -Z(CONST)INFOD=1800-187F                          #
#                            -Z(CODE)CSTART,ISR_CODE=4400-FF7F                 #
#                            -Z(CONST)DATA16_C,DATA16_ID,TLS16_ID,DIFUNCT,CHEC #
#                            KSUM=4400-FF7F                                    #
#                            -P(CODE)CODE=4400-FF7F,10000-243FF                #
#                            -Z(CODE)CODE_ID                                   #
#                            -Z(CONST)DATA20_C,DATA20_ID=4400-FF7F,10000-243FF #
#                            -Z(CODE)INTVEC=FF80-FFFF                          #
#                            -Z(CODE)RESET=FFFE-FFFF) -f                       #
#                            "C:\Program Files (x86)\IAR Systems\Embedded Work #
#                            bench 6.0\430\config\multiplier32_loc2.xcl"       #
#                            (-e?Mul8HwLoc2=?Mul8 -e?Mul16HwLoc2=?Mul16        #
#                            -e?Mul16to32uHwLoc2=?Mul16to32u                   #
#                            -e?Mul16to32sHwLoc2=?Mul16to32s                   #
#                            -e?Mul32Hw32Loc2=?Mul32                           #
#                            -e?Mul64Hw32Loc2=_Mul64i                          #
#                            -e?Mul32u32uto64iHw32Loc2=_Mul32u32uto64i         #
#                            -e?Mul32fHwLoc2=_Mul32f                           #
#                            -e_Mul64fHwPtrLoc2=_Mul64fPtr)                    #
#                            -D_STACK_SIZE=12C -rt                             #
#                            "C:\Program Files (x86)\IAR Systems\Embedded Work #
#                            bench 6.0\430\LIB\CLIB\cl430xsf.r43"              #
#                            -e_large_write=_formatted_write                   #
#                            -e_large_read=_formatted_read                     #
#                            -D_DATA16_HEAP_SIZE=0 -s __program_start          #
#                            -D_DATA20_HEAP_SIZE=50                            #
#                                                                              #
#                           Copyright (C) 1987-2011 IAR Systems AB.            #
################################################################################





                ****************************************
                *                                      *
                *           CROSS REFERENCE            *
                *                                      *
                ****************************************

       Program entry at :           4400  Relocatable, from module : ?cstart




                ****************************************
                *                                      *
                *            RUNTIME MODEL             *
                *                                      *
                ****************************************

  __SystemLibrary = CLib
  __core          = 430X
  __data_model    = small
  __double_size   = 32
  __pic           = no
  __reg_r4        = free
  __reg_r5        = free
  __rt_version    = 3

                ****************************************
                *                                      *
                *    AUTOMATIC SYMBOL REDIRECTIONS     *
                *                                      *
                ****************************************

                  There are no automatic symbol redirections.



                ****************************************
                *                                      *
                *              MODULE MAP              *
                *                                      *
                ****************************************


  DEFINED ABSOLUTE ENTRIES
    *************************************************************************

  DEFINED ABSOLUTE ENTRIES
  PROGRAM MODULE, NAME : ?ABS_ENTRY_MOD

Absolute parts
           ENTRY                   ADDRESS         REF BY
           =====                   =======         ======
           _DATA20_HEAP_SIZE       0050 
           _DATA16_HEAP_SIZE       0000 
           _STACK_SIZE             012C 
           ?CPU30_OFFSET           0002 
    *************************************************************************

  FILE NAME : C:\ti\msp430\SimpliciTI_IAR_1_2_0_5xx\Projects\Examples\PGNF5529\AP_as_Data_Hub\IAR\CC2500-End Device\Obj\bsp.r43
  PROGRAM MODULE, NAME : bsp

  SEGMENTS IN THE MODULE
  ======================
DATA16_AN
  Relative segment, address: 0202 - 0203 (0x2 bytes), align: 0
  Segment part 1. ROOT.       Intra module refs:   BSP_InitButtons
                                                   BSP_InitLeds
                                                   MRFI_Init (mrfi)
                                                   MRFI_WakeUp (mrfi)
                                                   linkTo (main_manyEDs_autoack)
                                                   main (main_manyEDs_autoack)
                                                   mrfiSpiCmdStrobe (mrfi)
                                                   mrfiSpiInit (mrfi)
                                                   spiBurstFifoAccess (mrfi)
                                                   spiRegAccess (mrfi)
                                                   toggleLED (main_manyEDs_autoack)
           ENTRY                   ADDRESS         REF BY
           =====                   =======         ======
           _A_PAOUT_L              0202 
           LOCAL                   ADDRESS         
           =====                   =======         
           PAOUT                   0202 
           PAOUT_H                 0203 
           PAOUT_L                 0202 
    -------------------------------------------------------------------------
DATA16_AN
  Relative segment, address: 0204 - 0205 (0x2 bytes), align: 0
  Segment part 2. ROOT.       Intra module refs:   BSP_InitBoard
                                                   BSP_InitLeds
                                                   mrfiSpiInit (mrfi)
           ENTRY                   ADDRESS         REF BY
           =====                   =======         ======
           _A_PADIR_L              0204 
           LOCAL                   ADDRESS         
           =====                   =======         
           PADIR                   0204 
           PADIR_H                 0205 
           PADIR_L                 0204 
    -------------------------------------------------------------------------
DATA16_AN
  Relative segment, address: 0206 - 0207 (0x2 bytes), align: 0
  Segment part 3. ROOT.       Intra module refs:   BSP_InitButtons
           ENTRY                   ADDRESS         REF BY
           =====                   =======         ======
           _A_PAREN_L              0206 
           LOCAL                   ADDRESS         
           =====                   =======         
           PAREN                   0206 
           PAREN_H                 0207 
           PAREN_L                 0206 
    -------------------------------------------------------------------------
DATA16_AN
  Relative segment, address: 024A - 024B (0x2 bytes), align: 0
  Segment part 4. ROOT.       Intra module refs:   BSP_InitBoard
           ENTRY                   ADDRESS         REF BY
           =====                   =======         ======
           _A_PCSEL_L              024A 
           LOCAL                   ADDRESS         
           =====                   =======         
           PCSEL                   024A 
           PCSEL_H                 024B 
           PCSEL_L                 024A 
    -------------------------------------------------------------------------
DATA16_AN
  Relative segment, address: 0120 - 0121 (0x2 bytes), align: 0
  Segment part 5. ROOT.       Intra module refs:   SetVCore
                                                   SetVCoreDown
                                                   SetVCoreUp
           ENTRY                   ADDRESS         REF BY
           =====                   =======         ======
           _A_PMMCTL0_L            0120 
           LOCAL                   ADDRESS         
           =====                   =======         
           PMMCTL0                 0120 
           PMMCTL0_H               0121 
           PMMCTL0_L               0120 
    -------------------------------------------------------------------------
DATA16_AN
  Relative segment, address: 0124 - 0125 (0x2 bytes), align: 0
  Segment part 6. ROOT.       Intra module refs:   SetVCoreUp
           ENTRY                   ADDRESS         REF BY
           =====                   =======         ======
           _A_SVSMHCTL_L           0124 
           LOCAL                   ADDRESS         
           =====                   =======         
           SVSMHCTL                0124 
           SVSMHCTL_H              0125 
           SVSMHCTL_L              0124 
    -------------------------------------------------------------------------
DATA16_AN
  Relative segment, address: 0126 - 0127 (0x2 bytes), align: 0
  Segment part 7. ROOT.       Intra module refs:   SetVCoreDown
                                                   SetVCoreUp
           ENTRY                   ADDRESS         REF BY
           =====                   =======         ======
           _A_SVSMLCTL_L           0126 
           LOCAL                   ADDRESS         
           =====                   =======         
           SVSMLCTL                0126 
           SVSMLCTL_H              0127 
           SVSMLCTL_L              0126 
    -------------------------------------------------------------------------
DATA16_AN
  Relative segment, address: 012C - 012D (0x2 bytes), align: 0
  Segment part 8. ROOT.       Intra module refs:   SetVCoreDown
                                                   SetVCoreUp
           ENTRY                   ADDRESS         REF BY
           =====                   =======         ======
           _A_PMMIFG_L             012C 
           LOCAL                   ADDRESS         
           =====                   =======         
           PMMIFG                  012C 
           PMMIFG_H                012D 
           PMMIFG_L                012C 
    -------------------------------------------------------------------------
DATA16_AN
  Relative segment, address: 0102 - 0103 (0x2 bytes), align: 0
  Segment part 9. ROOT.       Intra module refs:   BSP_InitBoard
           ENTRY                   ADDRESS         REF BY
           =====                   =======         ======
           _A_SFRIFG1_L            0102 
           LOCAL                   ADDRESS         
           =====                   =======         
           SFRIFG1                 0102 
           SFRIFG1_H               0103 
           SFRIFG1_L               0102 
    -------------------------------------------------------------------------
DATA16_AN
  Relative segment, address: 0340 - 0341 (0x2 bytes), align: 0
  Segment part 10. ROOT.      Intra module refs:   BSP_Delay
                                                   BSP_InitBoard
           ENTRY                   ADDRESS         REF BY
           =====                   =======         ======
           TA0CTL                  0340 
    -------------------------------------------------------------------------
DATA16_AN
  Relative segment, address: 0342 - 0343 (0x2 bytes), align: 0
  Segment part 11. ROOT.      Intra module refs:   BSP_Delay
           ENTRY                   ADDRESS         REF BY
           =====                   =======         ======
           TA0CCTL0                0342 
    -------------------------------------------------------------------------
DATA16_AN
  Relative segment, address: 0350 - 0351 (0x2 bytes), align: 0
  Segment part 12. ROOT.      Intra module refs:   BSP_Delay
           ENTRY                   ADDRESS         REF BY
           =====                   =======         ======
           TA0R                    0350 
    -------------------------------------------------------------------------
DATA16_AN
  Relative segment, address: 0352 - 0353 (0x2 bytes), align: 0
  Segment part 13. ROOT.      Intra module refs:   BSP_Delay
           ENTRY                   ADDRESS         REF BY
           =====                   =======         ======
           TA0CCR0                 0352 
    -------------------------------------------------------------------------
DATA16_AN
  Relative segment, address: 0160 - 0161 (0x2 bytes), align: 0
  Segment part 14. ROOT.      Intra module refs:   BSP_InitBoard
           ENTRY                   ADDRESS         REF BY
           =====                   =======         ======
           _A_UCSCTL0_L            0160 
           LOCAL                   ADDRESS         
           =====                   =======         
           UCSCTL0                 0160 
           UCSCTL0_H               0161 
           UCSCTL0_L               0160 
    -------------------------------------------------------------------------
DATA16_AN
  Relative segment, address: 0162 - 0163 (0x2 bytes), align: 0
  Segment part 15. ROOT.      Intra module refs:   BSP_InitBoard
           ENTRY                   ADDRESS         REF BY
           =====                   =======         ======
           _A_UCSCTL1_L            0162 
           LOCAL                   ADDRESS         
           =====                   =======         
           UCSCTL1                 0162 
           UCSCTL1_H               0163 
           UCSCTL1_L               0162 
    -------------------------------------------------------------------------
DATA16_AN
  Relative segment, address: 0164 - 0165 (0x2 bytes), align: 0
  Segment part 16. ROOT.      Intra module refs:   BSP_InitBoard
           ENTRY                   ADDRESS         REF BY
           =====                   =======         ======
           _A_UCSCTL2_L            0164 
           LOCAL                   ADDRESS         
           =====                   =======         
           UCSCTL2                 0164 
           UCSCTL2_H               0165 
           UCSCTL2_L               0164 
    -------------------------------------------------------------------------
DATA16_AN
  Relative segment, address: 0166 - 0167 (0x2 bytes), align: 0
  Segment part 17. ROOT.      Intra module refs:   BSP_InitBoard
           ENTRY                   ADDRESS         REF BY
           =====                   =======         ======
           _A_UCSCTL3_L            0166 
           LOCAL                   ADDRESS         
           =====                   =======         
           UCSCTL3                 0166 
           UCSCTL3_H               0167 
           UCSCTL3_L               0166 
    -------------------------------------------------------------------------
DATA16_AN
  Relative segment, address: 0168 - 0169 (0x2 bytes), align: 0
  Segment part 18. ROOT.      Intra module refs:   BSP_InitBoard
           ENTRY                   ADDRESS         REF BY
           =====                   =======         ======
           _A_UCSCTL4_L            0168 
           LOCAL                   ADDRESS         
           =====                   =======         
           UCSCTL4                 0168 
           UCSCTL4_H               0169 
           UCSCTL4_L               0168 
    -------------------------------------------------------------------------
DATA16_AN
  Relative segment, address: 016C - 016D (0x2 bytes), align: 0
  Segment part 19. ROOT.      Intra module refs:   BSP_InitBoard
           ENTRY                   ADDRESS         REF BY
           =====                   =======         ======
           _A_UCSCTL6_L            016C 
           LOCAL                   ADDRESS         
           =====                   =======         
           UCSCTL6                 016C 
           UCSCTL6_H               016D 
           UCSCTL6_L               016C 
    -------------------------------------------------------------------------
DATA16_AN
  Relative segment, address: 016E - 016F (0x2 bytes), align: 0
  Segment part 20. ROOT.      Intra module refs:   BSP_InitBoard
           ENTRY                   ADDRESS         REF BY
           =====                   =======         ======
           _A_UCSCTL7_L            016E 
           LOCAL                   ADDRESS         
           =====                   =======         
           UCSCTL7                 016E 
           UCSCTL7_H               016F 
           UCSCTL7_L               016E 
    -------------------------------------------------------------------------
DATA16_AN
  Relative segment, address: 015C - 015D (0x2 bytes), align: 0
  Segment part 21. ROOT.      Intra module refs:   __low_level_init
           ENTRY                   ADDRESS         REF BY
           =====                   =======         ======
           _A_WDTCTL_L             015C 
           LOCAL                   ADDRESS         
           =====                   =======         
           WDTCTL                  015C 
           WDTCTL_H                015D 
           WDTCTL_L                015C 
    -------------------------------------------------------------------------
<CODE> 1 (was CODE)
  Relative segment, address: 616E - 6185 (0x18 bytes), align: 1
  Segment part 34.
           ENTRY                   ADDRESS         REF BY
           =====                   =======         ======
           BSP_Init                616E            main (main_manyEDs_autoack)
               calls direct
               CSTACK = 00000000 ( 00000006 )
    -------------------------------------------------------------------------
<CODE> 1 (was CODE)
  Relative segment, address: 5DA2 - 5DCD (0x2c bytes), align: 1
  Segment part 31.            Intra module refs:   BSP_InitBoard
           ENTRY                   ADDRESS         REF BY
           =====                   =======         ======
           SetVCore                5DA2 
               calls direct
               CSTACK = 00000000 ( 00000006 )
    -------------------------------------------------------------------------
<CODE> 1 (was CODE)
  Relative segment, address: 5782 - 5795 (0x14 bytes), align: 1
  Segment part 27.            Intra module refs:   SetVCore
           ENTRY                   ADDRESS         REF BY
           =====                   =======         ======
           SetVCoreDown            5782 
               CSTACK = 00000000 ( 00000004 )
    -------------------------------------------------------------------------
<CODE> 1 (was CODE)
  Relative segment, address: 5796 - 579B (0x6 bytes), align: 1
  Segment part 28.            Intra module refs:   SetVCoreDown
                                                   SetVCoreUp
           LOCAL                   ADDRESS         
           =====                   =======         
           ?Subroutine0            5796 
    -------------------------------------------------------------------------
<CODE> 1 (was CODE)
  Relative segment, address: 579C - 57D1 (0x36 bytes), align: 1
  Segment part 29.            Intra module refs:   SetVCore
           ENTRY                   ADDRESS         REF BY
           =====                   =======         ======
           SetVCoreUp              579C 
               CSTACK = 00000000 ( 00000004 )
    -------------------------------------------------------------------------
<CODE> 1 (was CODE)
  Relative segment, address: 628A - 629D (0x14 bytes), align: 1
  Segment part 30.            Intra module refs:   SetVCoreDown
                                                   SetVCoreUp
           LOCAL                   ADDRESS         
           =====                   =======         
           ?Subroutine1            628A 
    -------------------------------------------------------------------------
<CODE> 1 (was CODE)
  Relative segment, address: 6480 - 6489 (0xa bytes), align: 1
  Segment part 33. ROOT.
           ENTRY                   ADDRESS         REF BY
           =====                   =======         ======
           __low_level_init        6480            ?cstart_call_low_level_init (?cstart)
               CSTACK = 00000000 ( 00000004 )
    -------------------------------------------------------------------------
<CODE> 1 (was CODE)
  Relative segment, address: 53F2 - 5473 (0x82 bytes), align: 1
  Segment part 32.            Intra module refs:   BSP_Init
           ENTRY                   ADDRESS         REF BY
           =====                   =======         ======
           BSP_InitBoard           53F2 
               calls direct
               CSTACK = 00000000 ( 00000004 )
    -------------------------------------------------------------------------
<CODE> 1 (was CODE)
  Relative segment, address: 5FA0 - 5FC1 (0x22 bytes), align: 1
  Segment part 26.
           ENTRY                   ADDRESS         REF BY
           =====                   =======         ======
           BSP_Delay               5FA0            ?Subroutine21 (mrfi)
               CSTACK = 00000000 ( 00000004 )
    -------------------------------------------------------------------------
CODE
  Segment part 25. NOT NEEDED.
           ENTRY                   ADDRESS         REF BY
           =====                   =======         ======
           BSP_InitDrivers         
               calls direct
    -------------------------------------------------------------------------
<CODE> 1 (was CODE)
  Relative segment, address: 61E2 - 61F7 (0x16 bytes), align: 1
  Segment part 24.            Intra module refs:   BSP_Init
           ENTRY                   ADDRESS         REF BY
           =====                   =======         ======
           BSP_InitLeds            61E2 
               CSTACK = 00000000 ( 00000004 )
    -------------------------------------------------------------------------
<CODE> 1 (was CODE)
  Relative segment, address: 639E - 63AB (0xe bytes), align: 1
  Segment part 23.            Intra module refs:   BSP_Init
           ENTRY                   ADDRESS         REF BY
           =====                   =======         ======
           BSP_InitButtons         639E 
               CSTACK = 00000000 ( 00000004 )
    -------------------------------------------------------------------------
CSTACK
  Segment part 22. NOT NEEDED.
    -------------------------------------------------------------------------
CODE
  Segment part 35. NOT NEEDED.
           ENTRY                   ADDRESS         REF BY
           =====                   =======         ======
           ?setjmp_save_r4         
    -------------------------------------------------------------------------
CODE
  Segment part 36. NOT NEEDED.
           ENTRY                   ADDRESS         REF BY
           =====                   =======         ======
           ?setjmp_save_r5         

    *************************************************************************

  FILE NAME : C:\ti\msp430\SimpliciTI_IAR_1_2_0_5xx\Projects\Examples\PGNF5529\AP_as_Data_Hub\IAR\CC2500-End Device\Obj\main_manyEDs_autoack.r43
  PROGRAM MODULE, NAME : main_manyEDs_autoack

  SEGMENTS IN THE MODULE
  ======================
DATA16_AN
  Relative segment, address: 0200 - 0201 (0x2 bytes), align: 0
  Segment part 1. ROOT.       Intra module refs:   linkTo
                                                   mrfi_TxCCADone (mrfi)
           ENTRY                   ADDRESS         REF BY
           =====                   =======         ======
           _A_PAIN_L               0200 
           LOCAL                   ADDRESS         
           =====                   =======         
           PAIN                    0200 
           PAIN_H                  0201 
           PAIN_L                  0200 
    -------------------------------------------------------------------------
DATA16_AN
  Segment part 2. TENTATIVE. Used definition from bsp
           ENTRY                   ADDRESS         REF BY
           =====                   =======         ======
           _A_PAOUT_L              
           LOCAL                   ADDRESS         
           =====                   =======         
           PAOUT                   0202 
           PAOUT_H                 0203 
           PAOUT_L                 0202 
    -------------------------------------------------------------------------
DATA16_Z
  Relative segment, address: 2444 - 2444 (0x1 bytes), align: 0
  Segment part 4.             Intra module refs:   linkTo
           LOCAL                   ADDRESS         
           =====                   =======         
           sTid                    2444 
    -------------------------------------------------------------------------
DATA16_Z
  Relative segment, address: 2445 - 2445 (0x1 bytes), align: 0
  Segment part 5.             Intra module refs:   linkTo
           LOCAL                   ADDRESS         
           =====                   =======         
           sLinkID1                2445 
    -------------------------------------------------------------------------
<CODE> 1 (was CODE)
  Relative segment, address: 5C2A - 5C5D (0x34 bytes), align: 1
  Segment part 8.
           ENTRY                   ADDRESS         REF BY
           =====                   =======         ======
           main                    5C2A            Segment part 22 (?cstart)
               calls direct
               CSTACK = 00000000 ( 00000004 )
    -------------------------------------------------------------------------
<CODE> 1 (was CODE)
  Relative segment, address: 653E - 6543 (0x6 bytes), align: 1
  Segment part 9.             Intra module refs:   ?Subroutine0
                                                   linkTo
                                                   main
           LOCAL                   ADDRESS         
           =====                   =======         
           ?Subroutine2            653E 
    -------------------------------------------------------------------------
<CODE> 1 (was CODE)
  Relative segment, address: 6544 - 6549 (0x6 bytes), align: 1
  Segment part 10.            Intra module refs:   ?Subroutine0
                                                   linkTo
                                                   main
           LOCAL                   ADDRESS         
           =====                   =======         
           ?Subroutine1            6544 
    -------------------------------------------------------------------------
<CODE> 1 (was CODE)
  Relative segment, address: 6380 - 638F (0x10 bytes), align: 1
  Segment part 11.            Intra module refs:   linkTo
                                                   main
           LOCAL                   ADDRESS         
           =====                   =======         
           ?Subroutine0            6380 
    -------------------------------------------------------------------------
<CODE> 1 (was CODE)
  Relative segment, address: 501C - 50DB (0xc0 bytes), align: 1
  Segment part 7.             Intra module refs:   main
           LOCAL                   ADDRESS         
           =====                   =======         
           linkTo                  501C 
               calls direct
               CSTACK = 00000000 ( 0000000A )
    -------------------------------------------------------------------------
<CODE> 1 (was CODE)
  Relative segment, address: 61F8 - 620D (0x16 bytes), align: 1
  Segment part 6.             Intra module refs:   ?Subroutine1
                                                   ?Subroutine2
           ENTRY                   ADDRESS         REF BY
           =====                   =======         ======
           toggleLED               61F8 
               CSTACK = 00000000 ( 00000004 )
    -------------------------------------------------------------------------
CSTACK
  Segment part 3. NOT NEEDED.
    -------------------------------------------------------------------------
CODE
  Segment part 12. TENTATIVE. Used definition from bsp
           ENTRY                   ADDRESS         REF BY
           =====                   =======         ======
           ?setjmp_save_r4         
    -------------------------------------------------------------------------
CODE
  Segment part 13. TENTATIVE. Used definition from bsp
           ENTRY                   ADDRESS         REF BY
           =====                   =======         ======
           ?setjmp_save_r5         

    *************************************************************************

  FILE NAME : C:\ti\msp430\SimpliciTI_IAR_1_2_0_5xx\Projects\Examples\PGNF5529\AP_as_Data_Hub\IAR\CC2500-End Device\Obj\mrfi.r43
  PROGRAM MODULE, NAME : mrfi

  SEGMENTS IN THE MODULE
  ======================
DATA16_AN
  Segment part 1. TENTATIVE. Used definition from main_manyEDs_autoack
           ENTRY                   ADDRESS         REF BY
           =====                   =======         ======
           _A_PAIN_L               
           LOCAL                   ADDRESS         
           =====                   =======         
           PAIN                    0200 
           PAIN_H                  0201 
           PAIN_L                  0200 
    -------------------------------------------------------------------------
DATA16_AN
  Segment part 2. TENTATIVE. Used definition from bsp
           ENTRY                   ADDRESS         REF BY
           =====                   =======         ======
           _A_PAOUT_L              
           LOCAL                   ADDRESS         
           =====                   =======         
           PAOUT                   0202 
           PAOUT_H                 0203 
           PAOUT_L                 0202 
    -------------------------------------------------------------------------
DATA16_AN
  Segment part 3. TENTATIVE. Used definition from bsp
           ENTRY                   ADDRESS         REF BY
           =====                   =======         ======
           _A_PADIR_L              
           LOCAL                   ADDRESS         
           =====                   =======         
           PADIR                   0204 
           PADIR_H                 0205 
           PADIR_L                 0204 
    -------------------------------------------------------------------------
DATA16_AN
  Relative segment, address: 020A - 020B (0x2 bytes), align: 0
  Segment part 4. ROOT.       Intra module refs:   MRFI_Init
           ENTRY                   ADDRESS         REF BY
           =====                   =======         ======
           _A_PASEL_L              020A 
           LOCAL                   ADDRESS         
           =====                   =======         
           PASEL                   020A 
           PASEL_H                 020B 
           PASEL_L                 020A 
    -------------------------------------------------------------------------
DATA16_AN
  Relative segment, address: 0218 - 0219 (0x2 bytes), align: 0
  Segment part 5. ROOT.       Intra module refs:   MRFI_Init
           ENTRY                   ADDRESS         REF BY
           =====                   =======         ======
           _A_PAIES_L              0218 
           LOCAL                   ADDRESS         
           =====                   =======         
           PAIES                   0218 
           PAIES_H                 0219 
           PAIES_L                 0218 
    -------------------------------------------------------------------------
DATA16_AN
  Relative segment, address: 021A - 021B (0x2 bytes), align: 0
  Segment part 6. ROOT.       Intra module refs:   MRFI_GpioIsr
                                                   Mrfi_RxModeOff
                                                   Mrfi_RxModeOn
                                                   Mrfi_SyncPinRxIsr
           ENTRY                   ADDRESS         REF BY
           =====                   =======         ======
           _A_PAIE_L               021A 
           LOCAL                   ADDRESS         
           =====                   =======         
           PAIE                    021A 
           PAIE_H                  021B 
           PAIE_L                  021A 
    -------------------------------------------------------------------------
DATA16_AN
  Relative segment, address: 021C - 021D (0x2 bytes), align: 0
  Segment part 7. ROOT.       Intra module refs:   MRFI_GpioIsr
                                                   MRFI_Init
                                                   MRFI_Transmit
                                                   Mrfi_RxModeOff
                                                   Mrfi_RxModeOn
                                                   mrfi_TxImmediateDone
           ENTRY                   ADDRESS         REF BY
           =====                   =======         ======
           _A_PAIFG_L              021C 
           LOCAL                   ADDRESS         
           =====                   =======         
           PAIFG                   021C 
           PAIFG_H                 021D 
           PAIFG_L                 021C 
    -------------------------------------------------------------------------
DATA16_AN
  Relative segment, address: 0220 - 0221 (0x2 bytes), align: 0
  Segment part 8. ROOT.       Intra module refs:   MRFI_Init
                                                   MRFI_WakeUp
           ENTRY                   ADDRESS         REF BY
           =====                   =======         ======
           _A_PBIN_L               0220 
           LOCAL                   ADDRESS         
           =====                   =======         
           PBIN                    0220 
           PBIN_H                  0221 
           PBIN_L                  0220 
    -------------------------------------------------------------------------
DATA16_AN
  Relative segment, address: 0224 - 0225 (0x2 bytes), align: 0
  Segment part 9. ROOT.       Intra module refs:   mrfiSpiInit
           ENTRY                   ADDRESS         REF BY
           =====                   =======         ======
           _A_PBDIR_L              0224 
           LOCAL                   ADDRESS         
           =====                   =======         
           PBDIR                   0224 
           PBDIR_H                 0225 
           PBDIR_L                 0224 
    -------------------------------------------------------------------------
DATA16_AN
  Relative segment, address: 022A - 022B (0x2 bytes), align: 0
  Segment part 10. ROOT.      Intra module refs:   mrfiSpiInit
           ENTRY                   ADDRESS         REF BY
           =====                   =======         ======
           _A_PBSEL_L              022A 
           LOCAL                   ADDRESS         
           =====                   =======         
           PBSEL                   022A 
           PBSEL_H                 022B 
           PBSEL_L                 022A 
    -------------------------------------------------------------------------
DATA16_AN
  Relative segment, address: 05E0 - 05E1 (0x2 bytes), align: 0
  Segment part 11. ROOT.      Intra module refs:   mrfiSpiCmdStrobe
                                                   mrfiSpiInit
                                                   spiBurstFifoAccess
                                                   spiRegAccess
           ENTRY                   ADDRESS         REF BY
           =====                   =======         ======
           _A_UCB0CTLW0_L          05E0 
           LOCAL                   ADDRESS         
           =====                   =======         
           UCB0CTLW0               05E0 
           UCB0CTLW0_H             05E1 
           UCB0CTLW0_L             05E0 
    -------------------------------------------------------------------------
DATA16_AN
  Relative segment, address: 05E6 - 05E7 (0x2 bytes), align: 0
  Segment part 12. ROOT.      Intra module refs:   mrfiSpiInit
           ENTRY                   ADDRESS         REF BY
           =====                   =======         ======
           _A_UCB0BRW_L            05E6 
           LOCAL                   ADDRESS         
           =====                   =======         
           UCB0BRW                 05E6 
           UCB0BRW_H               05E7 
           UCB0BRW_L               05E6 
    -------------------------------------------------------------------------
DATA16_AN
  Relative segment, address: 05EC - 05EC (0x1 bytes), align: 0
  Segment part 13. ROOT.      Intra module refs:   mrfiSpiCmdStrobe
                                                   spiBurstFifoAccess
                                                   spiRegAccess
           ENTRY                   ADDRESS         REF BY
           =====                   =======         ======
           UCB0RXBUF               05EC 
    -------------------------------------------------------------------------
DATA16_AN
  Relative segment, address: 05EE - 05EE (0x1 bytes), align: 0
  Segment part 14. ROOT.      Intra module refs:   MRFI_Init
                                                   mrfiSpiCmdStrobe
                                                   spiBurstFifoAccess
                                                   spiRegAccess
           ENTRY                   ADDRESS         REF BY
           =====                   =======         ======
           UCB0TXBUF               05EE 
    -------------------------------------------------------------------------
DATA16_AN
  Relative segment, address: 05FC - 05FD (0x2 bytes), align: 0
  Segment part 15. ROOT.      Intra module refs:   MRFI_Init
                                                   mrfiSpiCmdStrobe
                                                   spiBurstFifoAccess
                                                   spiRegAccess
           ENTRY                   ADDRESS         REF BY
           =====                   =======         ======
           _A_UCB0ICTL_L           05FC 
           LOCAL                   ADDRESS         
           =====                   =======         
           UCB0ICTL                05FC 
           UCB0ICTL_H              05FD 
           UCB0ICTL_L              05FC 
    -------------------------------------------------------------------------
DATA16_C
  Relative segment, address: 4452 - 4455 (0x4 bytes), align: 0
  Segment part 18.            Intra module refs:   MRFI_RxAddrIsFiltered
           ENTRY                   ADDRESS         REF BY
           =====                   =======         ======
           mrfiBroadcastAddr       4452            nwk_getBCastAddress (nwk_globals)
    -------------------------------------------------------------------------
DATA16_C
  Relative segment, address: 4456 - 4493 (0x3e bytes), align: 0
  Segment part 19.            Intra module refs:   MRFI_Init
           LOCAL                   ADDRESS         
           =====                   =======         
           mrfiRadioCfg            4456 
    -------------------------------------------------------------------------
DATA16_Z
  Relative segment, address: 2446 - 2446 (0x1 bytes), align: 0
  Segment part 20.            Intra module refs:   ?Subroutine14
                                                   ?Subroutine2
                                                   ?Subroutine4
                                                   MRFI_GetRadioState
                                                   MRFI_Init
                                                   MRFI_RxIdle
                                                   MRFI_RxOn
                                                   MRFI_Sleep
                                                   MRFI_Transmit
                                                   MRFI_WakeUp
           LOCAL                   ADDRESS         
           =====                   =======         
           mrfiRadioState          2446 
    -------------------------------------------------------------------------
DATA16_Z
  Relative segment, address: 2447 - 2476 (0x30 bytes), align: 0
  Segment part 21.            Intra module refs:   MRFI_Init
                                                   MRFI_Receive
                                                   Mrfi_SyncPinRxIsr
                                                   Segment part 48
           LOCAL                   ADDRESS         
           =====                   =======         
           mrfiIncomingPacket      2447 
    -------------------------------------------------------------------------
DATA16_Z
  Relative segment, address: 2477 - 2477 (0x1 bytes), align: 0
  Segment part 22.            Intra module refs:   MRFI_Init
                                                   MRFI_RandomByte
           LOCAL                   ADDRESS         
           =====                   =======         
           mrfiRndSeed             2477 
    -------------------------------------------------------------------------
DATA16_Z
  Relative segment, address: 2478 - 2478 (0x1 bytes), align: 0
  Segment part 23.            Intra module refs:   MRFI_PostKillSem
                                                   MRFI_ReplyDelay
           LOCAL                   ADDRESS         
           =====                   =======         
           sKillSem                2478 
    -------------------------------------------------------------------------
DATA16_Z
  Relative segment, address: 2479 - 2479 (0x1 bytes), align: 0
  Segment part 24.            Intra module refs:   MRFI_PostKillSem
                                                   MRFI_ReplyDelay
           LOCAL                   ADDRESS         
           =====                   =======         
           sReplyDelayContext      2479 
    -------------------------------------------------------------------------
DATA16_Z
  Relative segment, address: 242E - 242F (0x2 bytes), align: 1
  Segment part 25.            Intra module refs:   MRFI_Init
                                                   MRFI_ReplyDelay
           LOCAL                   ADDRESS         
           =====                   =======         
           sReplyDelayScalar       242E 
    -------------------------------------------------------------------------
DATA16_Z
  Relative segment, address: 2430 - 2431 (0x2 bytes), align: 1
  Segment part 26.            Intra module refs:   MRFI_Init
                                                   MRFI_Transmit
           LOCAL                   ADDRESS         
           =====                   =======         
           sBackoffHelper          2430 
    -------------------------------------------------------------------------
DATA16_Z
  Relative segment, address: 247A - 247A (0x1 bytes), align: 0
  Segment part 27.            Intra module refs:   Mrfi_RxModeOff
                                                   Mrfi_RxModeOn
                                                   Mrfi_SyncPinRxIsr
           LOCAL                   ADDRESS         
           =====                   =======         
           rx_isr_context          247A 
    -------------------------------------------------------------------------
<CODE> 1 (was CODE)
  Relative segment, address: 4E8E - 4EA3 (0x16 bytes), align: 1
  Segment part 35.            Intra module refs:   ?Subroutine10
                                                   ?Subroutine24
                                                   ?Subroutine25
                                                   MRFI_PrepareToTx
                                                   MRFI_Sleep
                                                   MRFI_Transmit
           ENTRY                   ADDRESS         REF BY
           =====                   =======         ======
           mrfiSpiCmdStrobe        4E8E 
               CSTACK = 00000000 ( 00000004 )
    -------------------------------------------------------------------------
<CODE> 1 (was CODE)
  Relative segment, address: 4EA4 - 4EB3 (0x10 bytes), align: 1
  Segment part 36.            Intra module refs:   mrfiSpiCmdStrobe
                                                   spiRegAccess
           LOCAL                   ADDRESS         
           =====                   =======         
           ?Subroutine0            4EA4 
    -------------------------------------------------------------------------
<CODE> 1 (was CODE)
  Relative segment, address: 4EB4 - 4F29 (0x76 bytes), align: 1
  Segment part 37.            Intra module refs:   mrfiSpiReadRxFifo
                                                   mrfiSpiWriteTxFifo
           LOCAL                   ADDRESS         
           =====                   =======         
           spiBurstFifoAccess      4EB4 
               CSTACK = 00000000 ( 00000006 )
    -------------------------------------------------------------------------
<CODE> 1 (was CODE)
  Relative segment, address: 4F2A - 4F2D (0x4 bytes), align: 1
  Segment part 38.            Intra module refs:   mrfiSpiCmdStrobe
                                                   spiBurstFifoAccess
                                                   spiRegAccess
           LOCAL                   ADDRESS         
           =====                   =======         
           ?Subroutine7            4F2A 
    -------------------------------------------------------------------------
<CODE> 1 (was CODE)
  Relative segment, address: 4F2E - 4F37 (0xa bytes), align: 1
  Segment part 39.            Intra module refs:   ?Subroutine7
                                                   MRFI_Init
                                                   spiBurstFifoAccess
           LOCAL                   ADDRESS         
           =====                   =======         
           ?Subroutine22           4F2E 
    -------------------------------------------------------------------------
<CODE> 1 (was CODE)
  Relative segment, address: 4F38 - 4F41 (0xa bytes), align: 1
  Segment part 40.            Intra module refs:   Mrfi_SyncPinRxIsr
           ENTRY                   ADDRESS         REF BY
           =====                   =======         ======
           mrfiSpiReadRxFifo       4F38 
               calls direct
               CSTACK = 00000000 ( 00000004 )
    -------------------------------------------------------------------------
<CODE> 1 (was CODE)
  Relative segment, address: 4F42 - 4F59 (0x18 bytes), align: 1
  Segment part 41.            Intra module refs:   mrfiSpiReadReg
                                                   mrfiSpiWriteReg
           LOCAL                   ADDRESS         
           =====                   =======         
           spiRegAccess            4F42 
               CSTACK = 00000000 ( 00000004 )
    -------------------------------------------------------------------------
<CODE> 1 (was CODE)
  Relative segment, address: 64EA - 64F1 (0x8 bytes), align: 1
  Segment part 42.            Intra module refs:   ?Subroutine0
                                                   MRFI_Init
                                                   spiBurstFifoAccess
                                                   spiRegAccess
           LOCAL                   ADDRESS         
           =====                   =======         
           ?Subroutine13           64EA 
    -------------------------------------------------------------------------
<CODE> 1 (was CODE)
  Relative segment, address: 63C8 - 63CB (0x4 bytes), align: 1
  Segment part 47.            Intra module refs:   MRFI_Init
                                                   Mrfi_SyncPinRxIsr
           LOCAL                   ADDRESS         
           =====                   =======         
           ?Subroutine16           63C8 
    -------------------------------------------------------------------------
<CODE> 1 (was CODE)
  Relative segment, address: 63CC - 63D5 (0xa bytes), align: 1
  Segment part 48.            Intra module refs:   ?Subroutine16
                                                   MRFI_Init
    -------------------------------------------------------------------------
<CODE> 1 (was CODE)
  Relative segment, address: 6502 - 6509 (0x8 bytes), align: 1
  Segment part 56.            Intra module refs:   ?Subroutine17
                                                   Mrfi_RxModeOn
                                                   Mrfi_SyncPinRxIsr
           LOCAL                   ADDRESS         
           =====                   =======         
           ?Subroutine25           6502 
    -------------------------------------------------------------------------
<CODE> 1 (was CODE)
  Relative segment, address: 64E2 - 64E9 (0x8 bytes), align: 1
  Segment part 65.            Intra module refs:   ?Subroutine0
                                                   MRFI_Init
                                                   MRFI_WakeUp
                                                   mrfiSpiInit
                                                   spiBurstFifoAccess
           LOCAL                   ADDRESS         
           =====                   =======         
           ?Subroutine11           64E2 
    -------------------------------------------------------------------------
<CODE> 1 (was CODE)
  Relative segment, address: 6424 - 642F (0xc bytes), align: 1
  Segment part 86.            Intra module refs:   MRFI_Init
                                                   MRFI_Rssi
                                                   MRFI_Transmit
           LOCAL                   ADDRESS         
           =====                   =======         
           ?Subroutine18           6424 
    -------------------------------------------------------------------------
<CODE> 1 (was CODE)
  Relative segment, address: 63AC - 63B9 (0xe bytes), align: 1
  Segment part 87.            Intra module refs:   MRFI_Init
                                                   MRFI_Rssi
                                                   MRFI_Transmit
           LOCAL                   ADDRESS         
           =====                   =======         
           ?Subroutine15           63AC 
    -------------------------------------------------------------------------
<CODE> 1 (was CODE)
  Relative segment, address: 4826 - 4927 (0x102 bytes), align: 1
  Segment part 90.
           ENTRY                   ADDRESS         REF BY
           =====                   =======         ======
           MRFI_Init               4826            SMPL_Init (nwk_api)
               calls direct
               CSTACK = 00000000 ( 00000006 )
    -------------------------------------------------------------------------
<CODE> 1 (was CODE)
  Relative segment, address: 6512 - 6519 (0x8 bytes), align: 1
  Segment part 91.            Intra module refs:   ?Subroutine12
                                                   ?Subroutine6
                                                   MRFI_Init
                                                   spiBurstFifoAccess
           LOCAL                   ADDRESS         
           =====                   =======         
           ?Subroutine23           6512 
    -------------------------------------------------------------------------
<CODE> 1 (was CODE)
  Relative segment, address: 6476 - 647F (0xa bytes), align: 1
  Segment part 92.            Intra module refs:   MRFI_Init
                                                   MRFI_Transmit
           LOCAL                   ADDRESS         
           =====                   =======         
           ?Subroutine17           6476 
    -------------------------------------------------------------------------
<CODE> 1 (was CODE)
  Relative segment, address: 6460 - 646B (0xc bytes), align: 1
  Segment part 93.            Intra module refs:   MRFI_Init
                                                   MRFI_WakeUp
           LOCAL                   ADDRESS         
           =====                   =======         
           ?Subroutine12           6460 
    -------------------------------------------------------------------------
<CODE> 1 (was CODE)
  Relative segment, address: 6340 - 634F (0x10 bytes), align: 1
  Segment part 94.            Intra module refs:   MRFI_Init
                                                   MRFI_Rssi
                                                   MRFI_Transmit
                                                   Mrfi_SyncPinRxIsr
                                                   mrfiSpiWriteReg
           LOCAL                   ADDRESS         
           =====                   =======         
           ?Subroutine2            6340 
    -------------------------------------------------------------------------
<CODE> 1 (was CODE)
  Relative segment, address: 60F0 - 6109 (0x1a bytes), align: 1
  Segment part 83.            Intra module refs:   MRFI_Transmit
           LOCAL                   ADDRESS         
           =====                   =======         
           MRFI_PrepareToTx        60F0 
               calls direct
               CSTACK = 00000000 ( 00000006 )
    -------------------------------------------------------------------------
<CODE> 1 (was CODE)
  Relative segment, address: 64F2 - 64F9 (0x8 bytes), align: 1
  Segment part 89.            Intra module refs:   MRFI_Transmit
           LOCAL                   ADDRESS         
           =====                   =======         
           mrfi_TxCCADone          64F2 
               CSTACK = 00000000 ( 00000004 )
    -------------------------------------------------------------------------
<CODE> 1 (was CODE)
  Relative segment, address: 64DA - 64E1 (0x8 bytes), align: 1
  Segment part 88.            Intra module refs:   MRFI_Transmit
           LOCAL                   ADDRESS         
           =====                   =======         
           mrfi_TxImmediateDone    64DA 
               CSTACK = 00000000 ( 00000004 )
    -------------------------------------------------------------------------
<CODE> 1 (was CODE)
  Relative segment, address: 64C6 - 64CF (0xa bytes), align: 1
  Segment part 53.            Intra module refs:   MRFI_EnableRxAddrFilter
                                                   MRFI_Transmit
                                                   spiBurstFifoAccess
           LOCAL                   ADDRESS         
           =====                   =======         
           ?Subroutine5            64C6 
    -------------------------------------------------------------------------
<CODE> 1 (was CODE)
  Relative segment, address: 640C - 6417 (0xc bytes), align: 1
  Segment part 58.            Intra module refs:   MRFI_Transmit
                                                   Mrfi_RxModeOff
                                                   Mrfi_SyncPinRxIsr
           LOCAL                   ADDRESS         
           =====                   =======         
           ?Subroutine10           640C 
    -------------------------------------------------------------------------
DATA16_C
  Relative segment, address: 4494 - 4497 (0x4 bytes), align: 0
  Segment part 28.            Intra module refs:   MRFI_SetLogicalChannel
           LOCAL                   ADDRESS         
           =====                   =======         
           mrfiLogicalChanTable    4494 
    -------------------------------------------------------------------------
DATA16_C
  Relative segment, address: 4498 - 449A (0x3 bytes), align: 0
  Segment part 29.            Intra module refs:   MRFI_SetRFPwr
           LOCAL                   ADDRESS         
           =====                   =======         
           mrfiRFPowerTable        4498 
    -------------------------------------------------------------------------
DATA16_Z
  Relative segment, address: 247B - 247B (0x1 bytes), align: 0
  Segment part 30.            Intra module refs:   MRFI_EnableRxAddrFilter
                                                   MRFI_RxAddrIsFiltered
           LOCAL                   ADDRESS         
           =====                   =======         
           mrfiRxFilterEnabled     247B 
    -------------------------------------------------------------------------
DATA16_I
  Relative segment, address: 2400 - 2403 (0x4 bytes), align: 0
  Segment part 31.            Intra module refs:   MRFI_EnableRxAddrFilter
                                                   MRFI_RxAddrIsFiltered
                                                   MRFI_SetRxAddrFilter
           LOCAL                   ADDRESS         
           =====                   =======         
           mrfiRxFilterAddr        2400 
    -------------------------------------------------------------------------
<CODE> 1 (was CODE)
  Relative segment, address: 5B1E - 5B2F (0x12 bytes), align: 1
  Segment part 59.            Intra module refs:   MRFI_Init
           ENTRY                   ADDRESS         REF BY
           =====                   =======         ======
           MRFI_SetRFPwr           5B1E            nwk_radioControl (nwk_ioctl)
               calls direct
               CSTACK = 00000000 ( 00000004 )
    -------------------------------------------------------------------------
<CODE> 1 (was CODE)
  Relative segment, address: 5B30 - 5B41 (0x12 bytes), align: 1
  Segment part 60.            Intra module refs:   MRFI_SetLogicalChannel
                                                   MRFI_SetRFPwr
                                                   MRFI_Transmit
           LOCAL                   ADDRESS         
           =====                   =======         
           ?Subroutine14           5B30 
    -------------------------------------------------------------------------
<CODE> 1 (was CODE)
  Relative segment, address: 5B42 - 5B55 (0x14 bytes), align: 1
  Segment part 61.            Intra module refs:   MRFI_Init
           ENTRY                   ADDRESS         REF BY
           =====                   =======         ======
           MRFI_SetLogicalChannel
                                   5B42            nwk_setChannel (nwk_freq)
               calls direct
               CSTACK = 00000000 ( 00000004 )
    -------------------------------------------------------------------------
<CODE> 1 (was CODE)
  Relative segment, address: 6156 - 616D (0x18 bytes), align: 1
  Segment part 77.            Intra module refs:   ?Subroutine10
                                                   MRFI_WakeUp
           LOCAL                   ADDRESS         
           =====                   =======         
           ?Subroutine24           6156 
    -------------------------------------------------------------------------
<CODE> 1 (was CODE)
  Relative segment, address: 4DC2 - 4E8D (0xcc bytes), align: 1
  Segment part 84.
           ENTRY                   ADDRESS         REF BY
           =====                   =======         ======
           MRFI_Transmit           4DC2            nwk_sendAckReply (nwk_frame)
                                                   nwk_sendFrame (nwk_frame)
               calls direct
               CSTACK = 00000000 ( 00000010 )
    -------------------------------------------------------------------------
<CODE> 1 (was CODE)
  Relative segment, address: 6400 - 640B (0xc bytes), align: 1
  Segment part 85.            Intra module refs:   MRFI_Transmit
           LOCAL                   ADDRESS         
           =====                   =======         
           ?Subroutine19           6400 
    -------------------------------------------------------------------------
<CODE> 1 (was CODE)
  Relative segment, address: 6454 - 645F (0xc bytes), align: 1
  Segment part 82.
           ENTRY                   ADDRESS         REF BY
           =====                   =======         ======
           MRFI_Receive            6454            MRFI_RxCompleteISR (nwk_frame)
               CSTACK = 00000000 ( 00000004 )
    -------------------------------------------------------------------------
<CODE> 1 (was CODE)
  Relative segment, address: 4F5A - 501B (0xc2 bytes), align: 1
  Segment part 46.            Intra module refs:   MRFI_GpioIsr
           LOCAL                   ADDRESS         
           =====                   =======         
           Mrfi_SyncPinRxIsr       4F5A 
               calls direct
               CSTACK = 00000000 ( 00000008 )
    -------------------------------------------------------------------------
<CODE> 1 (was CODE)
  Relative segment, address: 6276 - 6289 (0x14 bytes), align: 1
  Segment part 55.            Intra module refs:   ?Subroutine14
                                                   MRFI_RxOn
           LOCAL                   ADDRESS         
           =====                   =======         
           Mrfi_RxModeOn           6276 
               calls direct
               CSTACK = 00000000 ( 00000004 )
    -------------------------------------------------------------------------
<CODE> 1 (was CODE)
  Relative segment, address: 62D4 - 62E5 (0x12 bytes), align: 1
  Segment part 80.
           ENTRY                   ADDRESS         REF BY
           =====                   =======         ======
           MRFI_RxOn               62D4            ?Subroutine0 (nwk_link)
                                                   ?Subroutine1 (nwk_api)
                                                   nwk_join (nwk_join)
                                                   nwk_ping (nwk_ping)
                                                   nwk_radioControl (nwk_ioctl)
                                                   nwk_scanForChannels (nwk_freq)
               calls direct
               CSTACK = 00000000 ( 00000004 )
    -------------------------------------------------------------------------
<CODE> 1 (was CODE)
  Relative segment, address: 6262 - 6275 (0x14 bytes), align: 1
  Segment part 81.            Intra module refs:   MRFI_RxIdle
                                                   MRFI_RxOn
           LOCAL                   ADDRESS         
           =====                   =======         
           ?Subroutine4            6262 
    -------------------------------------------------------------------------
<CODE> 1 (was CODE)
  Relative segment, address: 624E - 6261 (0x14 bytes), align: 1
  Segment part 57.            Intra module refs:   ?Subroutine3
                                                   MRFI_Init
                                                   MRFI_RxIdle
                                                   MRFI_Transmit
           LOCAL                   ADDRESS         
           =====                   =======         
           Mrfi_RxModeOff          624E 
               calls direct
               CSTACK = 00000000 ( 00000004 )
    -------------------------------------------------------------------------
<CODE> 1 (was CODE)
  Relative segment, address: 6350 - 635F (0x10 bytes), align: 1
  Segment part 78.            Intra module refs:   MRFI_Sleep
           ENTRY                   ADDRESS         REF BY
           =====                   =======         ======
           MRFI_RxIdle             6350            ?Subroutine0 (nwk_api)
                                                   ?Subroutine1 (nwk_link)
                                                   nwk_join (nwk_join)
                                                   nwk_ping (nwk_ping)
                                                   nwk_radioControl (nwk_ioctl)
                                                   nwk_scanForChannels (nwk_freq)
               calls direct
               CSTACK = 00000000 ( 00000004 )
    -------------------------------------------------------------------------
<CODE> 1 (was CODE)
  Relative segment, address: 5FE4 - 6003 (0x20 bytes), align: 1
  Segment part 79.
           ENTRY                   ADDRESS         REF BY
           =====                   =======         ======
           MRFI_Sleep              5FE4            ?Subroutine0 (nwk_api)
                                                   ?Subroutine1 (nwk_link)
                                                   nwk_join (nwk_join)
                                                   nwk_ping (nwk_ping)
                                                   nwk_radioControl (nwk_ioctl)
                                                   nwk_scanForChannels (nwk_freq)
               calls direct
               CSTACK = 00000000 ( 00000004 )
    -------------------------------------------------------------------------
<CODE> 1 (was CODE)
  Relative segment, address: 613E - 6155 (0x18 bytes), align: 1
  Segment part 76.
           ENTRY                   ADDRESS         REF BY
           =====                   =======         ======
           MRFI_WakeUp             613E            ?Subroutine0 (nwk_link)
                                                   ?Subroutine1 (nwk_api)
                                                   SMPL_Init (nwk_api)
                                                   nwk_join (nwk_join)
                                                   nwk_ping (nwk_ping)
                                                   nwk_radioControl (nwk_ioctl)
                                                   nwk_scanForChannels (nwk_freq)
               calls direct
               CSTACK = 00000000 ( 00000004 )
    -------------------------------------------------------------------------
<CODE> 1 (was CODE)
  Relative segment, address: 61CC - 61E1 (0x16 bytes), align: 1
  Segment part 49.            Intra module refs:   BSP_GpioPort2Isr
           ENTRY                   ADDRESS         REF BY
           =====                   =======         ======
           MRFI_GpioIsr            61CC 
               calls direct
               CSTACK = 00000000 ( 00000004 )
    -------------------------------------------------------------------------
<CODE> 1 (was CODE)
  Relative segment, address: 5EC6 - 5EEB (0x26 bytes), align: 1
  Segment part 75.
           ENTRY                   ADDRESS         REF BY
           =====                   =======         ======
           MRFI_Rssi               5EC6            nwk_radioControl (nwk_ioctl)
               calls direct
               CSTACK = 00000000 ( 00000006 )
    -------------------------------------------------------------------------
<CODE> 1 (was CODE)
  Relative segment, address: 5E9E - 5EC5 (0x28 bytes), align: 1
  Segment part 33.            Intra module refs:   MRFI_Rssi
                                                   Mrfi_SyncPinRxIsr
           LOCAL                   ADDRESS         
           =====                   =======         
           Mrfi_CalculateRssi      5E9E 
               CSTACK = 00000000 ( 00000004 )
    -------------------------------------------------------------------------
<CODE> 1 (was CODE)
  Relative segment, address: 5F38 - 5F5B (0x24 bytes), align: 1
  Segment part 74.            Intra module refs:   MRFI_Transmit
           ENTRY                   ADDRESS         REF BY
           =====                   =======         ======
           MRFI_RandomByte         5F38            nwk_frameInit (nwk_frame)
                                                   nwk_freqInit (nwk_freq)
                                                   nwk_joinInit (nwk_join)
                                                   nwk_linkInit (nwk_link)
                                                   nwk_mgmtInit (nwk_mgmt)
                                                   nwk_pingInit (nwk_ping)
               CSTACK = 00000000 ( 00000004 )
    -------------------------------------------------------------------------
<CODE> 1 (was CODE)
  Relative segment, address: 6042 - 605F (0x1e bytes), align: 1
  Segment part 69.            Intra module refs:   ?Subroutine18
                                                   MRFI_DelayMs
                                                   MRFI_Init
                                                   MRFI_Transmit
           LOCAL                   ADDRESS         
           =====                   =======         
           Mrfi_DelayUsec          6042 
               calls direct
               CSTACK = 00000000 ( 00000008 )
    -------------------------------------------------------------------------
<CODE> 1 (was CODE)
  Relative segment, address: 643C - 6447 (0xc bytes), align: 1
  Segment part 70.            Intra module refs:   ?Subroutine8
                                                   MRFI_ReplyDelay
                                                   Mrfi_DelayUsec
           LOCAL                   ADDRESS         
           =====                   =======         
           ?Subroutine21           643C 
    -------------------------------------------------------------------------
<CODE> 1 (was CODE)
  Relative segment, address: 566C - 56D3 (0x68 bytes), align: 1
  Segment part 72.            Intra module refs:   ?Subroutine19
           ENTRY                   ADDRESS         REF BY
           =====                   =======         ======
           Mrfi_DelayUsecLong      566C 
               calls direct and indirect
               CSTACK = 00000000 ( 00000014 )
    -------------------------------------------------------------------------
<CODE> 1 (was CODE)
  Relative segment, address: 6370 - 637F (0x10 bytes), align: 1
  Segment part 73.            Intra module refs:   Mrfi_DelayUsecLong
           LOCAL                   ADDRESS         
           =====                   =======         
           ?Subroutine8            6370 
    -------------------------------------------------------------------------
<CODE> 1 (was CODE)
  Relative segment, address: 6186 - 619D (0x18 bytes), align: 1
  Segment part 71.
           ENTRY                   ADDRESS         REF BY
           =====                   =======         ======
           MRFI_DelayMs            6186            ?Subroutine0 (main_manyEDs_autoack)
                                                   linkTo (main_manyEDs_autoack)
               calls direct
               CSTACK = 00000000 ( 00000006 )
    -------------------------------------------------------------------------
<CODE> 1 (was CODE)
  Relative segment, address: 5822 - 586F (0x4e bytes), align: 1
  Segment part 68.
           ENTRY                   ADDRESS         REF BY
           =====                   =======         ======
           MRFI_ReplyDelay         5822            SMPL_SendOpt (nwk_api)
                                                   nwk_join (nwk_join)
                                                   nwk_link (nwk_link)
                                                   nwk_ping (nwk_ping)
                                                   nwk_scanForChannels (nwk_freq)
               calls direct
               CSTACK = 00000000 ( 0000000C )
    -------------------------------------------------------------------------
<CODE> 1 (was CODE)
  Relative segment, address: 6430 - 643B (0xc bytes), align: 1
  Segment part 67.
           ENTRY                   ADDRESS         REF BY
           =====                   =======         ======
           MRFI_PostKillSem        6430            nwk_isConnectionValid (nwk)
                                                   nwk_processFreq (nwk_freq)
                                                   nwk_processJoin (nwk_join)
                                                   nwk_processLink (nwk_link)
                                                   nwk_processMgmt (nwk_mgmt)
                                                   nwk_processPing (nwk_ping)
               CSTACK = 00000000 ( 00000004 )
    -------------------------------------------------------------------------
<CODE> 1 (was CODE)
  Relative segment, address: 6526 - 652B (0x6 bytes), align: 1
  Segment part 66.
           ENTRY                   ADDRESS         REF BY
           =====                   =======         ======
           MRFI_GetRadioState      6526            SMPL_SendOpt (nwk_api)
                                                   nwk_join (nwk_join)
                                                   nwk_link (nwk_link)
                                                   nwk_ping (nwk_ping)
                                                   nwk_scanForChannels (nwk_freq)
               CSTACK = 00000000 ( 00000004 )
    -------------------------------------------------------------------------
<CODE> 1 (was CODE)
  Relative segment, address: 5B8C - 5BC1 (0x36 bytes), align: 1
[...]
  03      nwk_setChannel
          | Stack used (prev) :  000000A0
          | + function block  :  00000006
          |  Already listed
  04        memset
            | Stack used (prev) :  00000000
            | + function block  :  00000006
            |  Already listed
  04        memcpy
            | Stack used (prev) :  00000000
            | + function block  :  00000006
            |  Already listed
  04        nwk_securityInit
            | Stack used (prev) :  000000CC
            | + function block  :  00000004
  05          MRFI_RandomByte
              | Stack used (prev) :  00000000
              | + function block  :  00000004
              |  Already listed
  04        nwk_pingInit
            | Stack used (prev) :  000000CC
            | + function block  :  00000004
  05          MRFI_RandomByte
              | Stack used (prev) :  00000000
              | + function block  :  00000004
              |  Already listed
  04        nwk_mgmtInit
            | Stack used (prev) :  000000CC
            | + function block  :  00000004
  05          memset
              | Stack used (prev) :  00000000
              | + function block  :  00000006
              |  Already listed
  05          MRFI_RandomByte
              | Stack used (prev) :  00000000
              | + function block  :  00000004
              |  Already listed
  04        nwk_linkInit
            | Stack used (prev) :  000000CC
            | + function block  :  00000004
  05          MRFI_RandomByte
              | Stack used (prev) :  00000000
              | + function block  :  00000004
              |  Already listed
  04        nwk_joinInit
            | Stack used (prev) :  000000CC
            | + function block  :  00000004
  04        nwk_getBCastAddress
            | Stack used (prev) :  000000CC
            | + function block  :  00000004
            |  Already listed
  05          memset
              | Stack used (prev) :  00000000
              | + function block  :  00000006
              |  Already listed
  05          memcpy
              | Stack used (prev) :  00000000
              | + function block  :  00000006
              |  Already listed
  04        nwk_globalsInit
            | Stack used (prev) :  000000CC
            | + function block  :  00000004
  05          memset
              | Stack used (prev) :  00000000
              | + function block  :  00000006
              |  Already listed
  05          MRFI_RandomByte
              | Stack used (prev) :  00000000
              | + function block  :  00000004
              |  Already listed
  04        nwk_freqInit
            | Stack used (prev) :  000000CC
            | + function block  :  00000004
  05          nwk_getMyAddress
              | Stack used (prev) :  0000009C
              | + function block  :  00000004
              |  Already listed
  05          MRFI_RandomByte
              | Stack used (prev) :  00000000
              | + function block  :  00000004
              |  Already listed
  04        nwk_frameInit
            | Stack used (prev) :  000000CC
            | + function block  :  00000004
  05          memset
              | Stack used (prev) :  00000000
              | + function block  :  00000006
              |  Already listed
  04        nwk_QInit
            | Stack used (prev) :  000000CC
            | + function block  :  00000004
  03      nwk_nwkInit
          | Stack used (prev) :  000000D0
          | + function block  :  00000008
  04        mrfiSpiWriteReg
            | Stack used (prev) :  00000004
            | + function block  :  00000004
            |  Already listed
  03      MRFI_EnableRxAddrFilter
          | Stack used (prev) :  000000CC
          | + function block  :  00000004
  04        mrfiSpiWriteReg
            | Stack used (prev) :  00000004
            | + function block  :  00000004
            |  Already listed
  03      MRFI_SetRxAddrFilter
          | Stack used (prev) :  000000CC
          | + function block  :  00000004
  03      MRFI_WakeUp
          | Stack used (prev) :  000000CC
          | + function block  :  00000004
          |  Already listed
  04        memset
            | Stack used (prev) :  00000000
            | + function block  :  00000006
            |  Already listed
  04        mrfiSpiWriteReg
            | Stack used (prev) :  00000004
            | + function block  :  00000004
            |  Already listed
  04        mrfiSpiWriteReg
            | Stack used (prev) :  00000004
            | + function block  :  00000004
            |  Already listed
  04        mrfiSpiWriteReg
            | Stack used (prev) :  00000004
            | + function block  :  00000004
            |  Already listed
  04        mrfiSpiReadReg
            | Stack used (prev) :  00000004
            | + function block  :  00000004
            |  Already listed
  04        mrfiSpiReadReg
            | Stack used (prev) :  00000004
            | + function block  :  00000004
            |  Already listed
  04        mrfiSpiReadReg
            | Stack used (prev) :  00000004
            | + function block  :  00000004
            |  Already listed
  04        mrfiSpiInit
            | Stack used (prev) :  000000CC
            | + function block  :  00000004
  04        Mrfi_DelayUsec
            | Stack used (prev) :  00000004
            | + function block  :  00000008
            |  Already listed
  04        Mrfi_DelayUsec
            | Stack used (prev) :  00000004
            | + function block  :  00000008
            |  Already listed
  04        Mrfi_DelayUsec
            | Stack used (prev) :  00000004
            | + function block  :  00000008
            |  Already listed
  04        Mrfi_RxModeOff
            | Stack used (prev) :  00000004
            | + function block  :  00000004
            |  Already listed
  04        MRFI_SetLogicalChannel
            | Stack used (prev) :  0000009C
            | + function block  :  00000004
            |  Already listed
  04        MRFI_SetRFPwr
            | Stack used (prev) :  000000CC
            | + function block  :  00000004
            |  Already listed
  04        mrfiSpiCmdStrobe
            | Stack used (prev) :  00000000
            | + function block  :  00000004
            |  Already listed
  03      MRFI_Init
          | Stack used (prev) :  000000D0
          | + function block  :  00000006
  02    SMPL_Init
        | Stack used (prev) :  0000013C
        | + function block  :  0000000A
  03      Mrfi_DelayUsec
          | Stack used (prev) :  00000004
          | + function block  :  00000008
          |  Already listed
  02    MRFI_DelayMs
        | Stack used (prev) :  000000CC
        | + function block  :  00000006
  02    toggleLED
        | Stack used (prev) :  000000CC
        | + function block  :  00000004
  02    toggleLED
        | Stack used (prev) :  000000CC
        | + function block  :  00000004
        |  Already listed
  02    toggleLED
        | Stack used (prev) :  000000CC
        | + function block  :  00000004
        |  Already listed
  02    toggleLED
        | Stack used (prev) :  000000CC
        | + function block  :  00000004
        |  Already listed
  03      Recursive system consisting of
          | nwk_freqControl
          | nwk_scanForChannels
          | SMPL_Ioctl
          | Stack used (prev) :  00000108
          | + function block  :  00000008
          |  Already listed
  05          Recursive system consisting of
              | nwk_freqControl
              | nwk_scanForChannels
              | SMPL_Ioctl
              | Stack used (prev) :  00000108
              | + function block  :  00000008
              |  Already listed
  05          nwk_setChannel
              | Stack used (prev) :  000000A0
              | + function block  :  00000006
              |  Already listed
  05          Recursive system consisting of
              | nwk_freqControl
              | nwk_scanForChannels
              | SMPL_Ioctl
              | Stack used (prev) :  00000108
              | + function block  :  00000008
              |  Already listed
  05          nwk_getConnInfo
              | Stack used (prev) :  000000CC
              | + function block  :  00000006
              |  Already listed
  05          MRFI_GetRadioState
              | Stack used (prev) :  000000CC
              | + function block  :  00000004
              |  Already listed
  05          MRFI_ReplyDelay
              | Stack used (prev) :  000000CC
              | + function block  :  0000000C
              |  Already listed
  05          MRFI_WakeUp
              | Stack used (prev) :  000000CC
              | + function block  :  00000004
              |  Already listed
  05          MRFI_Sleep
              | Stack used (prev) :  000000D0
              | + function block  :  00000004
              |  Already listed
  05          MRFI_RxIdle
              | Stack used (prev) :  000000CC
              | + function block  :  00000004
              |  Already listed
  05          MRFI_RxOn
              | Stack used (prev) :  000000CC
              | + function block  :  00000004
              |  Already listed
  04        nwk_ping
            | Stack used (prev) :  00000110
            | + function block  :  00000022
  03      SMPL_Ping
          | Stack used (prev) :  00000132
          | + function block  :  00000004
  05          memcpy
              | Stack used (prev) :  00000000
              | + function block  :  00000006
              |  Already listed
  05          nwk_getBCastAddress
              | Stack used (prev) :  000000CC
              | + function block  :  00000004
              |  Already listed
  05          nwk_getProtocolVersion
              | Stack used (prev) :  0000009C
              | + function block  :  00000004
              |  Already listed
  05          nwk_getMyRxType
              | Stack used (prev) :  0000009C
              | + function block  :  00000004
              |  Already listed
  05          Recursive system consisting of
              | nwk_freqControl
              | nwk_scanForChannels
              | SMPL_Ioctl
              | Stack used (prev) :  00000108
              | + function block  :  00000008
              |  Already listed
  05          nwk_putNumObjectIntoMsg
              | Stack used (prev) :  000000CC
              | + function block  :  0000000A
              |  Already listed
  05          nwk_allocateLocalRxPort
              | Stack used (prev) :  0000009C
              | + function block  :  00000012
              |  Already listed
  05          nwk_freeConnection
              | Stack used (prev) :  0000009C
              | + function block  :  00000004
              |  Already listed
  05          nwk_getNextConnection
              | Stack used (prev) :  000000A6
              | + function block  :  00000006
              |  Already listed
  05          MRFI_GetRadioState
              | Stack used (prev) :  000000CC
              | + function block  :  00000004
              |  Already listed
  05          MRFI_ReplyDelay
              | Stack used (prev) :  000000CC
              | + function block  :  0000000C
              |  Already listed
  05          MRFI_WakeUp
              | Stack used (prev) :  000000CC
              | + function block  :  00000004
              |  Already listed
  05          MRFI_Sleep
              | Stack used (prev) :  000000D0
              | + function block  :  00000004
              |  Already listed
  05          MRFI_RxIdle
              | Stack used (prev) :  000000CC
              | + function block  :  00000004
              |  Already listed
  05          MRFI_RxOn
              | Stack used (prev) :  000000CC
              | + function block  :  00000004
              |  Already listed
  04        nwk_link
            | Stack used (prev) :  00000110
            | + function block  :  00000026
  03      SMPL_Link
          | Stack used (prev) :  00000136
          | + function block  :  00000004
  04        memcpy
            | Stack used (prev) :  00000000
            | + function block  :  00000006
            |  Already listed
  04        nwk_sendFrame
            | Stack used (prev) :  0000009C
            | + function block  :  00000006
            |  Already listed
  05          nwk_buildFrame
              | Stack used (prev) :  0000009C
              | + function block  :  00000010
              |  Already listed
  04        nwk_buildAckReqFrame
            | Stack used (prev) :  000000CC
            | + function block  :  00000004
  04        nwk_buildFrame
            | Stack used (prev) :  0000009C
            | + function block  :  00000010
            |  Already listed
  04        nwk_checkConnInfo
            | Stack used (prev) :  000000CC
            | + function block  :  00000004
  04        nwk_getConnInfo
            | Stack used (prev) :  000000CC
            | + function block  :  00000006
            |  Already listed
  04        MRFI_GetRadioState
            | Stack used (prev) :  000000CC
            | + function block  :  00000004
            |  Already listed
  04        MRFI_ReplyDelay
            | Stack used (prev) :  000000CC
            | + function block  :  0000000C
            |  Already listed
  04        MRFI_WakeUp
            | Stack used (prev) :  000000CC
            | + function block  :  00000004
            |  Already listed
  04        MRFI_Sleep
            | Stack used (prev) :  000000D0
            | + function block  :  00000004
            |  Already listed
  04        MRFI_RxIdle
            | Stack used (prev) :  000000CC
            | + function block  :  00000004
            |  Already listed
  04        MRFI_RxOn
            | Stack used (prev) :  000000CC
            | + function block  :  00000004
            |  Already listed
  03      SMPL_SendOpt
          | Stack used (prev) :  000000D8
          | + function block  :  00000014
  03      MRFI_DelayMs
          | Stack used (prev) :  000000CC
          | + function block  :  00000006
          |  Already listed
  03      toggleLED
          | Stack used (prev) :  000000CC
          | + function block  :  00000004
          |  Already listed
  03      toggleLED
          | Stack used (prev) :  000000CC
          | + function block  :  00000004
          |  Already listed
  03      toggleLED
          | Stack used (prev) :  000000CC
          | + function block  :  00000004
          |  Already listed
  03      toggleLED
          | Stack used (prev) :  000000CC
          | + function block  :  00000004
          |  Already listed
  03      toggleLED
          | Stack used (prev) :  000000CC
          | + function block  :  00000004
          |  Already listed
  03      toggleLED
          | Stack used (prev) :  000000CC
          | + function block  :  00000004
          |  Already listed
  02    linkTo
        | Stack used (prev) :  0000013A
        | + function block  :  0000000A
  03      BSP_InitButtons
          | Stack used (prev) :  000000CC
          | + function block  :  00000004
  03      BSP_InitLeds
          | Stack used (prev) :  000000CC
          | + function block  :  00000004
  05          SetVCoreUp
              | Stack used (prev) :  000000CC
              | + function block  :  00000004
  05          SetVCoreDown
              | Stack used (prev) :  000000CC
              | + function block  :  00000004
  04        SetVCore
            | Stack used (prev) :  000000D0
            | + function block  :  00000006
  03      BSP_InitBoard
          | Stack used (prev) :  000000D6
          | + function block  :  00000004
  02    BSP_Init
        | Stack used (prev) :  000000DA
        | + function block  :  00000006
  01  main
      | Stack used (prev) :  00000146
      | + function block  :  00000004
  <-Sub-tree of type: Function tree
    | Stack used          :  0000014A


  ->Sub-tree of type: Function tree
                             CSTACK
    | Stack used (prev) :  0000014A
  01  exit
      | Stack used (prev) :  0000014A
      | + function block  :  00000004
  <-Sub-tree of type: Function tree
    | Stack used          :  0000014E


  ->Sub-tree of type: Function tree
                             CSTACK
    | Stack used (prev) :  0000014E
  01  __data16_memzero
      | Stack used (prev) :  0000014E
      | + function block  :  00000004
  <-Sub-tree of type: Function tree
    | Stack used          :  00000152


  ->Sub-tree of type: Function tree
                             CSTACK
    | Stack used (prev) :  00000152
  02    memcpy
        | Stack used (prev) :  00000000
        | + function block  :  00000006
        |  Already listed
  01  __data16_memcpy
      | Stack used (prev) :  00000152
      | + function block  :  00000004
  <-Sub-tree of type: Function tree
    | Stack used          :  00000156




                ****************************************
                *                                      *
                *      SEGMENTS IN ADDRESS ORDER       *
                *                                      *
                ****************************************


SEGMENT              SPACE    START ADDRESS   END ADDRESS     SIZE  TYPE  ALIGN
=======              =====    =============   ===========     ====  ====  =====
DATA16_AN                              0102 - 0103               2   rel    0
                                       0120 - 0121               2 
                                       0124 - 0127               4 
                                       012C - 012D               2 
                                       015C - 015D               2 
                                       0160 - 0169               A 
                                       016C - 016F               4 
                                       0200 - 0207               8 
                                       020A - 020B               2 
                                       0218 - 021D               6 
                                       0220 - 0221               2 
                                       0224 - 0225               2 
                                       022A - 022B               2 
                                       024A - 024B               2 
                                       0340 - 0343               4 
                                       0350 - 0353               4 
                                       05E0 - 05E1               2 
                                       05E6 - 05E7               2 
                                       05EC - 05EC               1 
                                       05EE - 05EE               1 
                                       05FC - 05FD               2 
DATA16_I                               2400 - 242C              2D   rel    1
DATA16_Z                               242E - 255A             12D   rel    1
CSTACK                                 42D4 - 43FF             12C   rel    1
CSTART                                 4400 - 442F              30   rel    1
ISR_CODE                               4430 - 4439               A   rel    1
DATA16_C                               443A - 44A3              6A   rel    1
DATA16_ID                              44A4 - 44D0              2D   rel    1
<CODE> 1                               44D2 - 6577            20A6   rel    1
INTVEC                                 FF80 - FFD5              56   com    1
RESET                                  FFFE - FFFF               2   rel    1

                ****************************************
                *                                      *
                *        END OF CROSS REFERENCE        *
                *                                      *
                ****************************************

 8 504 bytes of CODE  memory
   646 bytes of DATA  memory (+ 66 absolute )
   151 bytes of CONST memory

Errors: none
Warnings: none

