################################################################################
#                                                                              #
#      IAR Universal Linker V5.2.4.16                                          #
#                                                                              #
#           Link time     =  11/May/2016  19:11:37                             #
#           Target CPU    =  MSP430                                            #
#           List file     =  "C:\Users\juanvr\Desktop\virgen_lucanu\IAR\Nodo P #
#                            asarela - PGN SimpliciTI\SimpliciTI_IAR_1_2_0_5xx #
#                            \Projects\Examples\PGNF5529\AccessPoint -  PGN\IA #
#                            R\CC2500-Access Point\List\Ap_as_Data_Hub.map"    #
#           Output file 1 =  "C:\Users\juanvr\Desktop\virgen_lucanu\IAR\Nodo P #
#                            asarela - PGN SimpliciTI\SimpliciTI_IAR_1_2_0_5xx #
#                            \Projects\Examples\PGNF5529\AccessPoint -  PGN\IA #
#                            R\CC2500-Access Point\Exe\Ap_as_Data_Hub.d43"     #
#                            Format: debug                                     #
#                            UBROF version 10.0.6                              #
#                            Using library modules for C-SPY (-rt)             #
#           Command line  =  "C:\Users\juanvr\Desktop\virgen_lucanu\IAR\Nodo P #
#                            asarela - PGN SimpliciTI\SimpliciTI_IAR_1_2_0_5xx #
#                            \Projects\Examples\PGNF5529\AccessPoint -  PGN\IA #
#                            R\CC2500-Access Point\Obj\bsp.r43"                #
#                            "C:\Users\juanvr\Desktop\virgen_lucanu\IAR\Nodo P #
#                            asarela - PGN SimpliciTI\SimpliciTI_IAR_1_2_0_5xx #
#                            \Projects\Examples\PGNF5529\AccessPoint -  PGN\IA #
#                            R\CC2500-Access Point\Obj\main_AP_Async_Listen_au #
#                            toack22.r43"                                      #
#                            "C:\Users\juanvr\Desktop\virgen_lucanu\IAR\Nodo P #
#                            asarela - PGN SimpliciTI\SimpliciTI_IAR_1_2_0_5xx #
#                            \Projects\Examples\PGNF5529\AccessPoint -  PGN\IA #
#                            R\CC2500-Access Point\Obj\mrfi.r43"               #
#                            "C:\Users\juanvr\Desktop\virgen_lucanu\IAR\Nodo P #
#                            asarela - PGN SimpliciTI\SimpliciTI_IAR_1_2_0_5xx #
#                            \Projects\Examples\PGNF5529\AccessPoint -  PGN\IA #
#                            R\CC2500-Access Point\Obj\nwk.r43"                #
#                            "C:\Users\juanvr\Desktop\virgen_lucanu\IAR\Nodo P #
#                            asarela - PGN SimpliciTI\SimpliciTI_IAR_1_2_0_5xx #
#                            \Projects\Examples\PGNF5529\AccessPoint -  PGN\IA #
#                            R\CC2500-Access Point\Obj\nwk_QMgmt.r43"          #
#                            "C:\Users\juanvr\Desktop\virgen_lucanu\IAR\Nodo P #
#                            asarela - PGN SimpliciTI\SimpliciTI_IAR_1_2_0_5xx #
#                            \Projects\Examples\PGNF5529\AccessPoint -  PGN\IA #
#                            R\CC2500-Access Point\Obj\nwk_api.r43"            #
#                            "C:\Users\juanvr\Desktop\virgen_lucanu\IAR\Nodo P #
#                            asarela - PGN SimpliciTI\SimpliciTI_IAR_1_2_0_5xx #
#                            \Projects\Examples\PGNF5529\AccessPoint -  PGN\IA #
#                            R\CC2500-Access Point\Obj\nwk_frame.r43"          #
#                            "C:\Users\juanvr\Desktop\virgen_lucanu\IAR\Nodo P #
#                            asarela - PGN SimpliciTI\SimpliciTI_IAR_1_2_0_5xx #
#                            \Projects\Examples\PGNF5529\AccessPoint -  PGN\IA #
#                            R\CC2500-Access Point\Obj\nwk_freq.r43"           #
#                            "C:\Users\juanvr\Desktop\virgen_lucanu\IAR\Nodo P #
#                            asarela - PGN SimpliciTI\SimpliciTI_IAR_1_2_0_5xx #
#                            \Projects\Examples\PGNF5529\AccessPoint -  PGN\IA #
#                            R\CC2500-Access Point\Obj\nwk_globals.r43"        #
#                            "C:\Users\juanvr\Desktop\virgen_lucanu\IAR\Nodo P #
#                            asarela - PGN SimpliciTI\SimpliciTI_IAR_1_2_0_5xx #
#                            \Projects\Examples\PGNF5529\AccessPoint -  PGN\IA #
#                            R\CC2500-Access Point\Obj\nwk_ioctl.r43"          #
#                            "C:\Users\juanvr\Desktop\virgen_lucanu\IAR\Nodo P #
#                            asarela - PGN SimpliciTI\SimpliciTI_IAR_1_2_0_5xx #
#                            \Projects\Examples\PGNF5529\AccessPoint -  PGN\IA #
#                            R\CC2500-Access Point\Obj\nwk_join.r43"           #
#                            "C:\Users\juanvr\Desktop\virgen_lucanu\IAR\Nodo P #
#                            asarela - PGN SimpliciTI\SimpliciTI_IAR_1_2_0_5xx #
#                            \Projects\Examples\PGNF5529\AccessPoint -  PGN\IA #
#                            R\CC2500-Access Point\Obj\nwk_link.r43"           #
#                            "C:\Users\juanvr\Desktop\virgen_lucanu\IAR\Nodo P #
#                            asarela - PGN SimpliciTI\SimpliciTI_IAR_1_2_0_5xx #
#                            \Projects\Examples\PGNF5529\AccessPoint -  PGN\IA #
#                            R\CC2500-Access Point\Obj\nwk_mgmt.r43"           #
#                            "C:\Users\juanvr\Desktop\virgen_lucanu\IAR\Nodo P #
#                            asarela - PGN SimpliciTI\SimpliciTI_IAR_1_2_0_5xx #
#                            \Projects\Examples\PGNF5529\AccessPoint -  PGN\IA #
#                            R\CC2500-Access Point\Obj\nwk_ping.r43"           #
#                            "C:\Users\juanvr\Desktop\virgen_lucanu\IAR\Nodo P #
#                            asarela - PGN SimpliciTI\SimpliciTI_IAR_1_2_0_5xx #
#                            \Projects\Examples\PGNF5529\AccessPoint -  PGN\IA #
#                            R\CC2500-Access Point\Obj\nwk_pll.r43"            #
#                            "C:\Users\juanvr\Desktop\virgen_lucanu\IAR\Nodo P #
#                            asarela - PGN SimpliciTI\SimpliciTI_IAR_1_2_0_5xx #
#                            \Projects\Examples\PGNF5529\AccessPoint -  PGN\IA #
#                            R\CC2500-Access Point\Obj\nwk_security.r43"       #
#                            "C:\Users\juanvr\Desktop\virgen_lucanu\IAR\Nodo P #
#                            asarela - PGN SimpliciTI\SimpliciTI_IAR_1_2_0_5xx #
#                            \Projects\Examples\PGNF5529\AccessPoint -  PGN\IA #
#                            R\CC2500-Access Point\Obj\uart.r43"               #
#                            "C:\Users\juanvr\Desktop\virgen_lucanu\IAR\Nodo P #
#                            asarela - PGN SimpliciTI\SimpliciTI_IAR_1_2_0_5xx #
#                            \Projects\Examples\PGNF5529\AccessPoint -  PGN\IA #
#                            R\CC2500-Access Point\Obj\uart_intfc.r43"         #
#                            -o                                                #
#                            "C:\Users\juanvr\Desktop\virgen_lucanu\IAR\Nodo P #
#                            asarela - PGN SimpliciTI\SimpliciTI_IAR_1_2_0_5xx #
#                            \Projects\Examples\PGNF5529\AccessPoint -  PGN\IA #
#                            R\CC2500-Access Point\Exe\Ap_as_Data_Hub.d43"     #
#                            -l                                                #
#                            "C:\Users\juanvr\Desktop\virgen_lucanu\IAR\Nodo P #
#                            asarela - PGN SimpliciTI\SimpliciTI_IAR_1_2_0_5xx #
#                            \Projects\Examples\PGNF5529\AccessPoint -  PGN\IA #
#                            R\CC2500-Access Point\List\Ap_as_Data_Hub.map"    #
#                            -xmsnio                                           #
#                            "-IC:\Program Files (x86)\IAR Systems\Embedded Wo #
#                            rkbench 6.0\430\LIB\"                             #
#                            -f                                                #
#                            "C:\Program Files (x86)\IAR Systems\Embedded Work #
#                            bench 6.0\430\CONFIG\lnk430F5529.xcl"             #
#                            (-cmsp430 -D?CPU30_OFFSET=2 -QCODE_I=CODE_ID      #
#                            -Z(DATA)DATA16_I,DATA16_Z,DATA16_N,TLS16_I,DATA16 #
#                            _HEAP+_DATA16_HEAP_SIZE=2400-43FF                 #
#                            -Z(DATA)CODE_I                                    #
#                            -Z(DATA)DATA20_I,DATA20_Z,DATA20_N,DATA20_HEAP+_D #
#                            ATA20_HEAP_SIZE                                   #
#                            -Z(DATA)CSTACK+_STACK_SIZE#                       #
#                            -Z(CONST)INFO=1800-19FF                           #
#                            -Z(CONST)INFOA=1980-19FF                          #
#                            -Z(CONST)INFOB=1900-197F                          #
#                            -Z(CONST)INFOC=1880-18FF                          #
#                            -Z(CONST)INFOD=1800-187F                          #
#                            -Z(CODE)CSTART,ISR_CODE=4400-FF7F                 #
#                            -Z(CONST)DATA16_C,DATA16_ID,TLS16_ID,DIFUNCT,CHEC #
#                            KSUM=4400-FF7F                                    #
#                            -P(CODE)CODE=4400-FF7F,10000-243FF                #
#                            -Z(CODE)CODE_ID                                   #
#                            -Z(CONST)DATA20_C,DATA20_ID=4400-FF7F,10000-243FF #
#                            -Z(CODE)INTVEC=FF80-FFFF                          #
#                            -Z(CODE)RESET=FFFE-FFFF) -f                       #
#                            "C:\Program Files (x86)\IAR Systems\Embedded Work #
#                            bench 6.0\430\config\multiplier32_loc2.xcl"       #
#                            (-e?Mul8HwLoc2=?Mul8 -e?Mul16HwLoc2=?Mul16        #
#                            -e?Mul16to32uHwLoc2=?Mul16to32u                   #
#                            -e?Mul16to32sHwLoc2=?Mul16to32s                   #
#                            -e?Mul32Hw32Loc2=?Mul32                           #
#                            -e?Mul64Hw32Loc2=_Mul64i                          #
#                            -e?Mul32u32uto64iHw32Loc2=_Mul32u32uto64i         #
#                            -e?Mul32fHwLoc2=_Mul32f                           #
#                            -e_Mul64fHwPtrLoc2=_Mul64fPtr)                    #
#                            -D_STACK_SIZE=12C -rt                             #
#                            "C:\Program Files (x86)\IAR Systems\Embedded Work #
#                            bench 6.0\430\LIB\CLIB\cl430xsf.r43"              #
#                            -e_large_write=_formatted_write                   #
#                            -e_large_read=_formatted_read                     #
#                            -D_DATA16_HEAP_SIZE=0 -s __program_start          #
#                            -D_DATA20_HEAP_SIZE=50                            #
#                                                                              #
#                           Copyright (C) 1987-2011 IAR Systems AB.            #
################################################################################





                ****************************************
                *                                      *
                *           CROSS REFERENCE            *
                *                                      *
                ****************************************

       Program entry at :           4400  Relocatable, from module : ?cstart




                ****************************************
                *                                      *
                *            RUNTIME MODEL             *
                *                                      *
                ****************************************

  __SystemLibrary = CLib
  __core          = 430X
  __data_model    = small
  __double_size   = 32
  __pic           = no
  __reg_r4        = free
  __reg_r5        = free
  __rt_version    = 3

                ****************************************
                *                                      *
                *    AUTOMATIC SYMBOL REDIRECTIONS     *
                *                                      *
                ****************************************

                  There are no automatic symbol redirections.



                ****************************************
                *                                      *
                *              MODULE MAP              *
                *                                      *
                ****************************************


  DEFINED ABSOLUTE ENTRIES
    *************************************************************************

  DEFINED ABSOLUTE ENTRIES
  PROGRAM MODULE, NAME : ?ABS_ENTRY_MOD

Absolute parts
           ENTRY                   ADDRESS         REF BY
           =====                   =======         ======
           _DATA20_HEAP_SIZE       0050 
           _DATA16_HEAP_SIZE       0000 
           _STACK_SIZE             012C 
           ?CPU30_OFFSET           0002 
    *************************************************************************

  FILE NAME : C:\Users\juanvr\Desktop\virgen_lucanu\IAR\Nodo Pasarela - PGN SimpliciTI\SimpliciTI_IAR_1_2_0_5xx\Projects\Examples\PGNF5529\AccessPoint -  PGN\IAR\CC2500-Access Point\Obj\bsp.r43
  PROGRAM MODULE, NAME : bsp

  SEGMENTS IN THE MODULE
  ======================
DATA16_AN
  Relative segment, address: 0202 - 0203 (0x2 bytes), align: 0
  Segment part 1. ROOT.       Intra module refs:   BSP_InitButtons
                                                   BSP_InitLeds
                                                   MRFI_Init (mrfi)
                                                   MRFI_WakeUp (mrfi)
                                                   main (main_AP_Async_Listen_autoack22)
                                                   mrfiSpiCmdStrobe (mrfi)
                                                   mrfiSpiInit (mrfi)
                                                   spiBurstFifoAccess (mrfi)
                                                   spiRegAccess (mrfi)
                                                   toggleLED (main_AP_Async_Listen_autoack22)
           ENTRY                   ADDRESS         REF BY
           =====                   =======         ======
           _A_PAOUT_L              0202 
           LOCAL                   ADDRESS         
           =====                   =======         
           PAOUT                   0202 
           PAOUT_H                 0203 
           PAOUT_L                 0202 
    -------------------------------------------------------------------------
DATA16_AN
  Relative segment, address: 0204 - 0205 (0x2 bytes), align: 0
  Segment part 2. ROOT.       Intra module refs:   BSP_InitBoard
                                                   BSP_InitLeds
                                                   mrfiSpiInit (mrfi)
           ENTRY                   ADDRESS         REF BY
           =====                   =======         ======
           _A_PADIR_L              0204 
           LOCAL                   ADDRESS         
           =====                   =======         
           PADIR                   0204 
           PADIR_H                 0205 
           PADIR_L                 0204 
    -------------------------------------------------------------------------
DATA16_AN
  Relative segment, address: 0206 - 0207 (0x2 bytes), align: 0
  Segment part 3. ROOT.       Intra module refs:   BSP_InitButtons
           ENTRY                   ADDRESS         REF BY
           =====                   =======         ======
           _A_PAREN_L              0206 
           LOCAL                   ADDRESS         
           =====                   =======         
           PAREN                   0206 
           PAREN_H                 0207 
           PAREN_L                 0206 
    -------------------------------------------------------------------------
DATA16_AN
  Relative segment, address: 024A - 024B (0x2 bytes), align: 0
  Segment part 4. ROOT.       Intra module refs:   BSP_InitBoard
           ENTRY                   ADDRESS         REF BY
           =====                   =======         ======
           _A_PCSEL_L              024A 
           LOCAL                   ADDRESS         
           =====                   =======         
           PCSEL                   024A 
           PCSEL_H                 024B 
           PCSEL_L                 024A 
    -------------------------------------------------------------------------
DATA16_AN
  Relative segment, address: 0120 - 0121 (0x2 bytes), align: 0
  Segment part 5. ROOT.       Intra module refs:   SetVCore
                                                   SetVCoreDown
                                                   SetVCoreUp
           ENTRY                   ADDRESS         REF BY
           =====                   =======         ======
           _A_PMMCTL0_L            0120 
           LOCAL                   ADDRESS         
           =====                   =======         
           PMMCTL0                 0120 
           PMMCTL0_H               0121 
           PMMCTL0_L               0120 
    -------------------------------------------------------------------------
DATA16_AN
  Relative segment, address: 0124 - 0125 (0x2 bytes), align: 0
  Segment part 6. ROOT.       Intra module refs:   SetVCoreUp
           ENTRY                   ADDRESS         REF BY
           =====                   =======         ======
           _A_SVSMHCTL_L           0124 
           LOCAL                   ADDRESS         
           =====                   =======         
           SVSMHCTL                0124 
           SVSMHCTL_H              0125 
           SVSMHCTL_L              0124 
    -------------------------------------------------------------------------
DATA16_AN
  Relative segment, address: 0126 - 0127 (0x2 bytes), align: 0
  Segment part 7. ROOT.       Intra module refs:   SetVCoreDown
                                                   SetVCoreUp
           ENTRY                   ADDRESS         REF BY
           =====                   =======         ======
           _A_SVSMLCTL_L           0126 
           LOCAL                   ADDRESS         
           =====                   =======         
           SVSMLCTL                0126 
           SVSMLCTL_H              0127 
           SVSMLCTL_L              0126 
    -------------------------------------------------------------------------
DATA16_AN
  Relative segment, address: 012C - 012D (0x2 bytes), align: 0
  Segment part 8. ROOT.       Intra module refs:   SetVCoreDown
                                                   SetVCoreUp
           ENTRY                   ADDRESS         REF BY
           =====                   =======         ======
           _A_PMMIFG_L             012C 
           LOCAL                   ADDRESS         
           =====                   =======         
           PMMIFG                  012C 
           PMMIFG_H                012D 
           PMMIFG_L                012C 
    -------------------------------------------------------------------------
DATA16_AN
  Relative segment, address: 0102 - 0103 (0x2 bytes), align: 0
  Segment part 9. ROOT.       Intra module refs:   BSP_InitBoard
           ENTRY                   ADDRESS         REF BY
           =====                   =======         ======
           _A_SFRIFG1_L            0102 
           LOCAL                   ADDRESS         
           =====                   =======         
           SFRIFG1                 0102 
           SFRIFG1_H               0103 
           SFRIFG1_L               0102 
    -------------------------------------------------------------------------
DATA16_AN
  Relative segment, address: 0340 - 0341 (0x2 bytes), align: 0
  Segment part 10. ROOT.      Intra module refs:   BSP_Delay
                                                   BSP_InitBoard
           ENTRY                   ADDRESS         REF BY
           =====                   =======         ======
           TA0CTL                  0340 
    -------------------------------------------------------------------------
DATA16_AN
  Relative segment, address: 0342 - 0343 (0x2 bytes), align: 0
  Segment part 11. ROOT.      Intra module refs:   BSP_Delay
           ENTRY                   ADDRESS         REF BY
           =====                   =======         ======
           TA0CCTL0                0342 
    -------------------------------------------------------------------------
DATA16_AN
  Relative segment, address: 0350 - 0351 (0x2 bytes), align: 0
  Segment part 12. ROOT.      Intra module refs:   BSP_Delay
           ENTRY                   ADDRESS         REF BY
           =====                   =======         ======
           TA0R                    0350 
    -------------------------------------------------------------------------
DATA16_AN
  Relative segment, address: 0352 - 0353 (0x2 bytes), align: 0
  Segment part 13. ROOT.      Intra module refs:   BSP_Delay
           ENTRY                   ADDRESS         REF BY
           =====                   =======         ======
           TA0CCR0                 0352 
    -------------------------------------------------------------------------
DATA16_AN
  Relative segment, address: 0160 - 0161 (0x2 bytes), align: 0
  Segment part 14. ROOT.      Intra module refs:   BSP_InitBoard
           ENTRY                   ADDRESS         REF BY
           =====                   =======         ======
           _A_UCSCTL0_L            0160 
           LOCAL                   ADDRESS         
           =====                   =======         
           UCSCTL0                 0160 
           UCSCTL0_H               0161 
           UCSCTL0_L               0160 
    -------------------------------------------------------------------------
DATA16_AN
  Relative segment, address: 0162 - 0163 (0x2 bytes), align: 0
  Segment part 15. ROOT.      Intra module refs:   BSP_InitBoard
           ENTRY                   ADDRESS         REF BY
           =====                   =======         ======
           _A_UCSCTL1_L            0162 
           LOCAL                   ADDRESS         
           =====                   =======         
           UCSCTL1                 0162 
           UCSCTL1_H               0163 
           UCSCTL1_L               0162 
    -------------------------------------------------------------------------
DATA16_AN
  Relative segment, address: 0164 - 0165 (0x2 bytes), align: 0
  Segment part 16. ROOT.      Intra module refs:   BSP_InitBoard
           ENTRY                   ADDRESS         REF BY
           =====                   =======         ======
           _A_UCSCTL2_L            0164 
           LOCAL                   ADDRESS         
           =====                   =======         
           UCSCTL2                 0164 
           UCSCTL2_H               0165 
           UCSCTL2_L               0164 
    -------------------------------------------------------------------------
DATA16_AN
  Relative segment, address: 0166 - 0167 (0x2 bytes), align: 0
  Segment part 17. ROOT.      Intra module refs:   BSP_InitBoard
           ENTRY                   ADDRESS         REF BY
           =====                   =======         ======
           _A_UCSCTL3_L            0166 
           LOCAL                   ADDRESS         
           =====                   =======         
           UCSCTL3                 0166 
           UCSCTL3_H               0167 
           UCSCTL3_L               0166 
    -------------------------------------------------------------------------
DATA16_AN
  Relative segment, address: 0168 - 0169 (0x2 bytes), align: 0
  Segment part 18. ROOT.      Intra module refs:   BSP_InitBoard
           ENTRY                   ADDRESS         REF BY
           =====                   =======         ======
           _A_UCSCTL4_L            0168 
           LOCAL                   ADDRESS         
           =====                   =======         
           UCSCTL4                 0168 
           UCSCTL4_H               0169 
           UCSCTL4_L               0168 
    -------------------------------------------------------------------------
DATA16_AN
  Relative segment, address: 016C - 016D (0x2 bytes), align: 0
  Segment part 19. ROOT.      Intra module refs:   BSP_InitBoard
           ENTRY                   ADDRESS         REF BY
           =====                   =======         ======
           _A_UCSCTL6_L            016C 
           LOCAL                   ADDRESS         
           =====                   =======         
           UCSCTL6                 016C 
           UCSCTL6_H               016D 
           UCSCTL6_L               016C 
    -------------------------------------------------------------------------
DATA16_AN
  Relative segment, address: 016E - 016F (0x2 bytes), align: 0
  Segment part 20. ROOT.      Intra module refs:   BSP_InitBoard
           ENTRY                   ADDRESS         REF BY
           =====                   =======         ======
           _A_UCSCTL7_L            016E 
           LOCAL                   ADDRESS         
           =====                   =======         
           UCSCTL7                 016E 
           UCSCTL7_H               016F 
           UCSCTL7_L               016E 
    -------------------------------------------------------------------------
DATA16_AN
  Relative segment, address: 015C - 015D (0x2 bytes), align: 0
  Segment part 21. ROOT.      Intra module refs:   __low_level_init
           ENTRY                   ADDRESS         REF BY
           =====                   =======         ======
           _A_WDTCTL_L             015C 
           LOCAL                   ADDRESS         
           =====                   =======         
           WDTCTL                  015C 
           WDTCTL_H                015D 
           WDTCTL_L                015C 
    -------------------------------------------------------------------------
<CODE> 1 (was CODE)
  Relative segment, address: 6322 - 6339 (0x18 bytes), align: 1
  Segment part 34.
           ENTRY                   ADDRESS         REF BY
           =====                   =======         ======
           BSP_Init                6322            main (main_AP_Async_Listen_autoack22)
               calls direct
               CSTACK = 00000000 ( 00000006 )
    -------------------------------------------------------------------------
<CODE> 1 (was CODE)
  Relative segment, address: 5F24 - 5F4F (0x2c bytes), align: 1
  Segment part 31.            Intra module refs:   BSP_InitBoard
           ENTRY                   ADDRESS         REF BY
           =====                   =======         ======
           SetVCore                5F24 
               calls direct
               CSTACK = 00000000 ( 00000006 )
    -------------------------------------------------------------------------
<CODE> 1 (was CODE)
  Relative segment, address: 57F4 - 5807 (0x14 bytes), align: 1
  Segment part 27.            Intra module refs:   SetVCore
           ENTRY                   ADDRESS         REF BY
           =====                   =======         ======
           SetVCoreDown            57F4 
               CSTACK = 00000000 ( 00000004 )
    -------------------------------------------------------------------------
<CODE> 1 (was CODE)
  Relative segment, address: 5808 - 580D (0x6 bytes), align: 1
  Segment part 28.            Intra module refs:   SetVCoreDown
                                                   SetVCoreUp
           LOCAL                   ADDRESS         
           =====                   =======         
           ?Subroutine0            5808 
    -------------------------------------------------------------------------
<CODE> 1 (was CODE)
  Relative segment, address: 580E - 5843 (0x36 bytes), align: 1
  Segment part 29.            Intra module refs:   SetVCore
           ENTRY                   ADDRESS         REF BY
           =====                   =======         ======
           SetVCoreUp              580E 
               CSTACK = 00000000 ( 00000004 )
    -------------------------------------------------------------------------
<CODE> 1 (was CODE)
  Relative segment, address: 63CE - 63E1 (0x14 bytes), align: 1
  Segment part 30.            Intra module refs:   SetVCoreDown
                                                   SetVCoreUp
           LOCAL                   ADDRESS         
           =====                   =======         
           ?Subroutine1            63CE 
    -------------------------------------------------------------------------
<CODE> 1 (was CODE)
  Relative segment, address: 660E - 6617 (0xa bytes), align: 1
  Segment part 33. ROOT.
           ENTRY                   ADDRESS         REF BY
           =====                   =======         ======
           __low_level_init        660E            ?cstart_call_low_level_init (?cstart)
               CSTACK = 00000000 ( 00000004 )
    -------------------------------------------------------------------------
<CODE> 1 (was CODE)
  Relative segment, address: 53CA - 544B (0x82 bytes), align: 1
  Segment part 32.            Intra module refs:   BSP_Init
           ENTRY                   ADDRESS         REF BY
           =====                   =======         ======
           BSP_InitBoard           53CA 
               calls direct
               CSTACK = 00000000 ( 00000004 )
    -------------------------------------------------------------------------
<CODE> 1 (was CODE)
  Relative segment, address: 616A - 618B (0x22 bytes), align: 1
  Segment part 26.
           ENTRY                   ADDRESS         REF BY
           =====                   =======         ======
           BSP_Delay               616A            ?Subroutine21 (mrfi)
               CSTACK = 00000000 ( 00000004 )
    -------------------------------------------------------------------------
CODE
  Segment part 25. NOT NEEDED.
           ENTRY                   ADDRESS         REF BY
           =====                   =======         ======
           BSP_InitDrivers         
               calls direct
    -------------------------------------------------------------------------
<CODE> 1 (was CODE)
  Relative segment, address: 6366 - 637B (0x16 bytes), align: 1
  Segment part 24.            Intra module refs:   BSP_Init
           ENTRY                   ADDRESS         REF BY
           =====                   =======         ======
           BSP_InitLeds            6366 
               CSTACK = 00000000 ( 00000004 )
    -------------------------------------------------------------------------
<CODE> 1 (was CODE)
  Relative segment, address: 6540 - 654D (0xe bytes), align: 1
  Segment part 23.            Intra module refs:   BSP_Init
           ENTRY                   ADDRESS         REF BY
           =====                   =======         ======
           BSP_InitButtons         6540 
               CSTACK = 00000000 ( 00000004 )
    -------------------------------------------------------------------------
CSTACK
  Segment part 22. NOT NEEDED.
    -------------------------------------------------------------------------
CODE
  Segment part 35. NOT NEEDED.
           ENTRY                   ADDRESS         REF BY
           =====                   =======         ======
           ?setjmp_save_r4         
    -------------------------------------------------------------------------
CODE
  Segment part 36. NOT NEEDED.
           ENTRY                   ADDRESS         REF BY
           =====                   =======         ======
           ?setjmp_save_r5         

    *************************************************************************

  FILE NAME : C:\Users\juanvr\Desktop\virgen_lucanu\IAR\Nodo Pasarela - PGN SimpliciTI\SimpliciTI_IAR_1_2_0_5xx\Projects\Examples\PGNF5529\AccessPoint -  PGN\IAR\CC2500-Access Point\Obj\main_AP_Async_Listen_autoack22.r43
  PROGRAM MODULE, NAME : main_AP_Async_Listen_autoack22

  SEGMENTS IN THE MODULE
  ======================
DATA16_AN
  Segment part 1. TENTATIVE. Used definition from bsp
           ENTRY                   ADDRESS         REF BY
           =====                   =======         ======
           _A_PAOUT_L              
           LOCAL                   ADDRESS         
           =====                   =======         
           PAOUT                   0202 
           PAOUT_H                 0203 
           PAOUT_L                 0202 
    -------------------------------------------------------------------------
DATA16_Z
  Relative segment, address: 24AA - 24B3 (0xa bytes), align: 0
  Segment part 3.             Intra module refs:   sw_init
                                                   uart_processMessage
           LOCAL                   ADDRESS         
           =====                   =======         
           dataPayload             24AA 
    -------------------------------------------------------------------------
DATA16_Z
  Relative segment, address: 248E - 248F (0x2 bytes), align: 1
  Segment part 4.             Intra module refs:   sw_init
                                                   uart_processMessage
           LOCAL                   ADDRESS         
           =====                   =======         
           p_dataPayload           248E 
    -------------------------------------------------------------------------
DATA16_Z
  Relative segment, address: 24B4 - 24B4 (0x1 bytes), align: 0
  Segment part 5.             Intra module refs:   sw_init
                                                   uart_processMessage
           LOCAL                   ADDRESS         
           =====                   =======         
           f_isUartHeaderByte      24B4 
    -------------------------------------------------------------------------
DATA16_Z
  Relative segment, address: 24B5 - 24B5 (0x1 bytes), align: 0
  Segment part 6.             Intra module refs:   ?Subroutine0
                                                   main
                                                   sw_init
           LOCAL                   ADDRESS         
           =====                   =======         
           f_createNetwork         24B5 
    -------------------------------------------------------------------------
DATA16_Z
  Relative segment, address: 24B6 - 24BD (0x8 bytes), align: 0
  Segment part 7.             Intra module refs:   main
                                                   pgn_requestDescription
                                                   uart_processMessage
           LOCAL                   ADDRESS         
           =====                   =======         
           sLID                    24B6 
    -------------------------------------------------------------------------
DATA16_Z
  Relative segment, address: 24BE - 24BE (0x1 bytes), align: 0
  Segment part 8.             Intra module refs:   main
                                                   pgn_requestDescription
                                                   uart_processMessage
           LOCAL                   ADDRESS         
           =====                   =======         
           sNumCurrentPeers        24BE 
    -------------------------------------------------------------------------
DATA16_Z
  Relative segment, address: 24BF - 24BF (0x1 bytes), align: 0
  Segment part 9.             Intra module refs:   main
                                                   sCB
           LOCAL                   ADDRESS         
           =====                   =======         
           sPeerFrameSem           24BF 
    -------------------------------------------------------------------------
DATA16_Z
  Relative segment, address: 24C0 - 24C0 (0x1 bytes), align: 0
  Segment part 10.            Intra module refs:   main
                                                   sCB
           LOCAL                   ADDRESS         
           =====                   =======         
           sJoinSem                24C0 
    -------------------------------------------------------------------------
<CODE> 1 (was CODE)
  Relative segment, address: 4F9A - 5057 (0xbe bytes), align: 1
  Segment part 21.
           ENTRY                   ADDRESS         REF BY
           =====                   =======         ======
           main                    4F9A            Segment part 22 (?cstart)
               calls direct
               CSTACK = 00000000 ( 00000012 )
    -------------------------------------------------------------------------
<CODE> 1 (was CODE)
  Relative segment, address: 6350 - 6365 (0x16 bytes), align: 1
  Segment part 20.            Intra module refs:   main
           ENTRY                   ADDRESS         REF BY
           =====                   =======         ======
           toggleLED               6350 
               CSTACK = 00000000 ( 00000004 )
    -------------------------------------------------------------------------
<CODE> 1 (was CODE)
  Relative segment, address: 6408 - 6419 (0x12 bytes), align: 1
  Segment part 19.            Intra module refs:   main
           LOCAL                   ADDRESS         
           =====                   =======         
           sCB                     6408 
               CSTACK = 00000000 ( 00000004 )
    -------------------------------------------------------------------------
<CODE> 1 (was CODE)
  Relative segment, address: 5844 - 5891 (0x4e bytes), align: 1
  Segment part 18.            Intra module refs:   main
           LOCAL                   ADDRESS         
           =====                   =======         
           processMessage          5844 
               calls direct
               CSTACK = 00000000 ( 00000010 )
    -------------------------------------------------------------------------
<CODE> 1 (was CODE)
  Relative segment, address: 554C - 55C9 (0x7e bytes), align: 1
  Segment part 17.            Intra module refs:   main
           ENTRY                   ADDRESS         REF BY
           =====                   =======         ======
           uart_processMessage     554C 
               calls direct
               CSTACK = 00000000 ( 0000000C )
    -------------------------------------------------------------------------
<CODE> 1 (was CODE)
  Relative segment, address: 62F2 - 6309 (0x18 bytes), align: 1
  Segment part 16.            Intra module refs:   uart_processMessage
           ENTRY                   ADDRESS         REF BY
           =====                   =======         ======
           rf_sendMessage          62F2 
               calls direct
               CSTACK = 00000000 ( 00000006 )
    -------------------------------------------------------------------------
<CODE> 1 (was CODE)
  Relative segment, address: 64C8 - 64D7 (0x10 bytes), align: 1
  Segment part 15.            Intra module refs:   main
           ENTRY                   ADDRESS         REF BY
           =====                   =======         ======
           sw_init                 64C8 
               CSTACK = 00000000 ( 00000004 )
    -------------------------------------------------------------------------
CODE
  Segment part 11. NOT NEEDED.
           ENTRY                   ADDRESS         REF BY
           =====                   =======         ======
           pgn_createNetwork       
    -------------------------------------------------------------------------
<CODE> 1 (was CODE)
  Relative segment, address: 5A84 - 5A89 (0x6 bytes), align: 1
  Segment part 12.            Intra module refs:   pgn_processMessage
           LOCAL                   ADDRESS         
           =====                   =======         
           ?Subroutine0            5A84 
    -------------------------------------------------------------------------
<CODE> 1 (was CODE)
  Relative segment, address: 5A8A - 5AAF (0x26 bytes), align: 1
  Segment part 13.            Intra module refs:   pgn_processMessage
           ENTRY                   ADDRESS         REF BY
           =====                   =======         ======
           pgn_requestDescription
                                   5A8A 
               calls direct
               CSTACK = 00000000 ( 00000008 )
    -------------------------------------------------------------------------
<CODE> 1 (was CODE)
  Relative segment, address: 5AB0 - 5AC3 (0x14 bytes), align: 1
  Segment part 14.            Intra module refs:   uart_processMessage
           ENTRY                   ADDRESS         REF BY
           =====                   =======         ======
           pgn_processMessage      5AB0 
               calls direct
               CSTACK = 00000000 ( 00000004 )
    -------------------------------------------------------------------------
CSTACK
  Segment part 2. NOT NEEDED.
    -------------------------------------------------------------------------
CODE
  Segment part 22. TENTATIVE. Used definition from bsp
           ENTRY                   ADDRESS         REF BY
           =====                   =======         ======
           ?setjmp_save_r4         
    -------------------------------------------------------------------------
CODE
  Segment part 23. TENTATIVE. Used definition from bsp
           ENTRY                   ADDRESS         REF BY
           =====                   =======         ======
           ?setjmp_save_r5         

    *************************************************************************

  FILE NAME : C:\Users\juanvr\Desktop\virgen_lucanu\IAR\Nodo Pasarela - PGN SimpliciTI\SimpliciTI_IAR_1_2_0_5xx\Projects\Examples\PGNF5529\AccessPoint -  PGN\IAR\CC2500-Access Point\Obj\mrfi.r43
  PROGRAM MODULE, NAME : mrfi

  SEGMENTS IN THE MODULE
  ======================
DATA16_AN
  Relative segment, address: 0200 - 0201 (0x2 bytes), align: 0
  Segment part 1. ROOT.       Intra module refs:   mrfi_TxCCADone
           ENTRY                   ADDRESS         REF BY
           =====                   =======         ======
           _A_PAIN_L               0200 
           LOCAL                   ADDRESS         
           =====                   =======         
           PAIN                    0200 
           PAIN_H                  0201 
           PAIN_L                  0200 
    -------------------------------------------------------------------------
DATA16_AN
  Segment part 2. TENTATIVE. Used definition from bsp
           ENTRY                   ADDRESS         REF BY
           =====                   =======         ======
           _A_PAOUT_L              
           LOCAL                   ADDRESS         
           =====                   =======         
           PAOUT                   0202 
           PAOUT_H                 0203 
           PAOUT_L                 0202 
    -------------------------------------------------------------------------
DATA16_AN
  Segment part 3. TENTATIVE. Used definition from bsp
           ENTRY                   ADDRESS         REF BY
           =====                   =======         ======
           _A_PADIR_L              
           LOCAL                   ADDRESS         
           =====                   =======         
           PADIR                   0204 
           PADIR_H                 0205 
           PADIR_L                 0204 
    -------------------------------------------------------------------------
DATA16_AN
  Relative segment, address: 020A - 020B (0x2 bytes), align: 0
  Segment part 4. ROOT.       Intra module refs:   MRFI_Init
           ENTRY                   ADDRESS         REF BY
           =====                   =======         ======
           _A_PASEL_L              020A 
           LOCAL                   ADDRESS         
           =====                   =======         
           PASEL                   020A 
           PASEL_H                 020B 
           PASEL_L                 020A 
    -------------------------------------------------------------------------
DATA16_AN
  Relative segment, address: 0218 - 0219 (0x2 bytes), align: 0
  Segment part 5. ROOT.       Intra module refs:   MRFI_Init
           ENTRY                   ADDRESS         REF BY
           =====                   =======         ======
           _A_PAIES_L              0218 
           LOCAL                   ADDRESS         
           =====                   =======         
           PAIES                   0218 
           PAIES_H                 0219 
           PAIES_L                 0218 
    -------------------------------------------------------------------------
DATA16_AN
  Relative segment, address: 021A - 021B (0x2 bytes), align: 0
  Segment part 6. ROOT.       Intra module refs:   MRFI_GpioIsr
                                                   Mrfi_RxModeOff
                                                   Mrfi_RxModeOn
                                                   Mrfi_SyncPinRxIsr
           ENTRY                   ADDRESS         REF BY
           =====                   =======         ======
           _A_PAIE_L               021A 
           LOCAL                   ADDRESS         
           =====                   =======         
           PAIE                    021A 
           PAIE_H                  021B 
           PAIE_L                  021A 
    -------------------------------------------------------------------------
DATA16_AN
  Relative segment, address: 021C - 021D (0x2 bytes), align: 0
  Segment part 7. ROOT.       Intra module refs:   MRFI_GpioIsr
                                                   MRFI_Init
                                                   MRFI_Transmit
                                                   Mrfi_RxModeOff
                                                   Mrfi_RxModeOn
                                                   mrfi_TxImmediateDone
           ENTRY                   ADDRESS         REF BY
           =====                   =======         ======
           _A_PAIFG_L              021C 
           LOCAL                   ADDRESS         
           =====                   =======         
           PAIFG                   021C 
           PAIFG_H                 021D 
           PAIFG_L                 021C 
    -------------------------------------------------------------------------
DATA16_AN
  Relative segment, address: 0220 - 0221 (0x2 bytes), align: 0
  Segment part 8. ROOT.       Intra module refs:   MRFI_Init
                                                   MRFI_WakeUp
           ENTRY                   ADDRESS         REF BY
           =====                   =======         ======
           _A_PBIN_L               0220 
           LOCAL                   ADDRESS         
           =====                   =======         
           PBIN                    0220 
           PBIN_H                  0221 
           PBIN_L                  0220 
    -------------------------------------------------------------------------
DATA16_AN
  Relative segment, address: 0224 - 0225 (0x2 bytes), align: 0
  Segment part 9. ROOT.       Intra module refs:   mrfiSpiInit
           ENTRY                   ADDRESS         REF BY
           =====                   =======         ======
           _A_PBDIR_L              0224 
           LOCAL                   ADDRESS         
           =====                   =======         
           PBDIR                   0224 
           PBDIR_H                 0225 
           PBDIR_L                 0224 
    -------------------------------------------------------------------------
DATA16_AN
  Relative segment, address: 022A - 022B (0x2 bytes), align: 0
  Segment part 10. ROOT.      Intra module refs:   mrfiSpiInit
                                                   uart_init (uart)
           ENTRY                   ADDRESS         REF BY
           =====                   =======         ======
           _A_PBSEL_L              022A 
           LOCAL                   ADDRESS         
           =====                   =======         
           PBSEL                   022A 
           PBSEL_H                 022B 
           PBSEL_L                 022A 
    -------------------------------------------------------------------------
DATA16_AN
  Relative segment, address: 05E0 - 05E1 (0x2 bytes), align: 0
  Segment part 11. ROOT.      Intra module refs:   mrfiSpiCmdStrobe
                                                   mrfiSpiInit
                                                   spiBurstFifoAccess
                                                   spiRegAccess
           ENTRY                   ADDRESS         REF BY
           =====                   =======         ======
           _A_UCB0CTLW0_L          05E0 
           LOCAL                   ADDRESS         
           =====                   =======         
           UCB0CTLW0               05E0 
           UCB0CTLW0_H             05E1 
           UCB0CTLW0_L             05E0 
    -------------------------------------------------------------------------
DATA16_AN
  Relative segment, address: 05E6 - 05E7 (0x2 bytes), align: 0
  Segment part 12. ROOT.      Intra module refs:   mrfiSpiInit
           ENTRY                   ADDRESS         REF BY
           =====                   =======         ======
           _A_UCB0BRW_L            05E6 
           LOCAL                   ADDRESS         
           =====                   =======         
           UCB0BRW                 05E6 
           UCB0BRW_H               05E7 
           UCB0BRW_L               05E6 
    -------------------------------------------------------------------------
DATA16_AN
  Relative segment, address: 05EC - 05EC (0x1 bytes), align: 0
  Segment part 13. ROOT.      Intra module refs:   mrfiSpiCmdStrobe
                                                   spiBurstFifoAccess
                                                   spiRegAccess
           ENTRY                   ADDRESS         REF BY
           =====                   =======         ======
           UCB0RXBUF               05EC 
    -------------------------------------------------------------------------
DATA16_AN
  Relative segment, address: 05EE - 05EE (0x1 bytes), align: 0
  Segment part 14. ROOT.      Intra module refs:   MRFI_Init
                                                   mrfiSpiCmdStrobe
                                                   spiBurstFifoAccess
                                                   spiRegAccess
           ENTRY                   ADDRESS         REF BY
           =====                   =======         ======
           UCB0TXBUF               05EE 
    -------------------------------------------------------------------------
DATA16_AN
  Relative segment, address: 05FC - 05FD (0x2 bytes), align: 0
  Segment part 15. ROOT.      Intra module refs:   MRFI_Init
                                                   mrfiSpiCmdStrobe
                                                   spiBurstFifoAccess
                                                   spiRegAccess
           ENTRY                   ADDRESS         REF BY
           =====                   =======         ======
           _A_UCB0ICTL_L           05FC 
           LOCAL                   ADDRESS         
           =====                   =======         
           UCB0ICTL                05FC 
           UCB0ICTL_H              05FD 
           UCB0ICTL_L              05FC 
    -------------------------------------------------------------------------
DATA16_C
  Relative segment, address: 4468 - 446B (0x4 bytes), align: 0
  Segment part 18.            Intra module refs:   MRFI_RxAddrIsFiltered
           ENTRY                   ADDRESS         REF BY
           =====                   =======         ======
           mrfiBroadcastAddr       4468            nwk_getBCastAddress (nwk_globals)
    -------------------------------------------------------------------------
DATA16_C
  Relative segment, address: 446C - 44A9 (0x3e bytes), align: 0
  Segment part 19.            Intra module refs:   MRFI_Init
           LOCAL                   ADDRESS         
           =====                   =======         
           mrfiRadioCfg            446C 
    -------------------------------------------------------------------------
DATA16_Z
  Relative segment, address: 24C1 - 24C1 (0x1 bytes), align: 0
  Segment part 20.            Intra module refs:   ?Subroutine14
                                                   ?Subroutine2
                                                   ?Subroutine4
                                                   MRFI_GetRadioState
                                                   MRFI_Init
                                                   MRFI_RxIdle
                                                   MRFI_RxOn
                                                   MRFI_Sleep
                                                   MRFI_Transmit
                                                   MRFI_WakeUp
           LOCAL                   ADDRESS         
           =====                   =======         
           mrfiRadioState          24C1 
    -------------------------------------------------------------------------
DATA16_Z
  Relative segment, address: 24C2 - 24F1 (0x30 bytes), align: 0
  Segment part 21.            Intra module refs:   MRFI_Init
                                                   MRFI_Receive
                                                   Mrfi_SyncPinRxIsr
                                                   Segment part 48
           LOCAL                   ADDRESS         
           =====                   =======         
           mrfiIncomingPacket      24C2 
    -------------------------------------------------------------------------
DATA16_Z
  Relative segment, address: 24F2 - 24F2 (0x1 bytes), align: 0
  Segment part 22.            Intra module refs:   MRFI_Init
                                                   MRFI_RandomByte
           LOCAL                   ADDRESS         
           =====                   =======         
           mrfiRndSeed             24F2 
    -------------------------------------------------------------------------
DATA16_Z
  Relative segment, address: 24F3 - 24F3 (0x1 bytes), align: 0
  Segment part 23.            Intra module refs:   MRFI_PostKillSem
                                                   MRFI_ReplyDelay
           LOCAL                   ADDRESS         
           =====                   =======         
           sKillSem                24F3 
    -------------------------------------------------------------------------
DATA16_Z
  Relative segment, address: 24F4 - 24F4 (0x1 bytes), align: 0
  Segment part 24.            Intra module refs:   MRFI_PostKillSem
                                                   MRFI_ReplyDelay
           LOCAL                   ADDRESS         
           =====                   =======         
           sReplyDelayContext      24F4 
    -------------------------------------------------------------------------
DATA16_Z
  Relative segment, address: 2490 - 2491 (0x2 bytes), align: 1
  Segment part 25.            Intra module refs:   MRFI_Init
                                                   MRFI_ReplyDelay
           LOCAL                   ADDRESS         
           =====                   =======         
           sReplyDelayScalar       2490 
    -------------------------------------------------------------------------
DATA16_Z
  Relative segment, address: 2492 - 2493 (0x2 bytes), align: 1
  Segment part 26.            Intra module refs:   MRFI_Init
                                                   MRFI_Transmit
           LOCAL                   ADDRESS         
           =====                   =======         
           sBackoffHelper          2492 
    -------------------------------------------------------------------------
DATA16_Z
  Relative segment, address: 24F5 - 24F5 (0x1 bytes), align: 0
  Segment part 27.            Intra module refs:   Mrfi_RxModeOff
                                                   Mrfi_RxModeOn
                                                   Mrfi_SyncPinRxIsr
           LOCAL                   ADDRESS         
           =====                   =======         
           rx_isr_context          24F5 
    -------------------------------------------------------------------------
<CODE> 1 (was CODE)
  Relative segment, address: 4D40 - 4D55 (0x16 bytes), align: 1
  Segment part 35.            Intra module refs:   ?Subroutine10
                                                   ?Subroutine24
                                                   ?Subroutine25
                                                   MRFI_PrepareToTx
                                                   MRFI_Sleep
                                                   MRFI_Transmit
           ENTRY                   ADDRESS         REF BY
           =====                   =======         ======
           mrfiSpiCmdStrobe        4D40 
               CSTACK = 00000000 ( 00000004 )
    -------------------------------------------------------------------------
<CODE> 1 (was CODE)
  Relative segment, address: 4D56 - 4D65 (0x10 bytes), align: 1
  Segment part 36.            Intra module refs:   mrfiSpiCmdStrobe
                                                   spiRegAccess
           LOCAL                   ADDRESS         
           =====                   =======         
           ?Subroutine0            4D56 
    -------------------------------------------------------------------------
<CODE> 1 (was CODE)
  Relative segment, address: 4D66 - 4DDB (0x76 bytes), align: 1
  Segment part 37.            Intra module refs:   mrfiSpiReadRxFifo
                                                   mrfiSpiWriteTxFifo
           LOCAL                   ADDRESS         
           =====                   =======         
           spiBurstFifoAccess      4D66 
               CSTACK = 00000000 ( 00000006 )
    -------------------------------------------------------------------------
<CODE> 1 (was CODE)
  Relative segment, address: 4DDC - 4DDF (0x4 bytes), align: 1
  Segment part 38.            Intra module refs:   mrfiSpiCmdStrobe
                                                   spiBurstFifoAccess
                                                   spiRegAccess
           LOCAL                   ADDRESS         
           =====                   =======         
           ?Subroutine7            4DDC 
    -------------------------------------------------------------------------
<CODE> 1 (was CODE)
  Relative segment, address: 4DE0 - 4DE9 (0xa bytes), align: 1
  Segment part 39.            Intra module refs:   ?Subroutine7
                                                   MRFI_Init
                                                   spiBurstFifoAccess
           LOCAL                   ADDRESS         
           =====                   =======         
           ?Subroutine22           4DE0 
    -------------------------------------------------------------------------
<CODE> 1 (was CODE)
  Relative segment, address: 4DEA - 4DF3 (0xa bytes), align: 1
  Segment part 40.            Intra module refs:   Mrfi_SyncPinRxIsr
           ENTRY                   ADDRESS         REF BY
           =====                   =======         ======
           mrfiSpiReadRxFifo       4DEA 
               calls direct
               CSTACK = 00000000 ( 00000004 )
    -------------------------------------------------------------------------
<CODE> 1 (was CODE)
  Relative segment, address: 4DF4 - 4E0B (0x18 bytes), align: 1
  Segment part 41.            Intra module refs:   mrfiSpiReadReg
                                                   mrfiSpiWriteReg
           LOCAL                   ADDRESS         
           =====                   =======         
           spiRegAccess            4DF4 
               CSTACK = 00000000 ( 00000004 )
    -------------------------------------------------------------------------
<CODE> 1 (was CODE)
  Relative segment, address: 6668 - 666F (0x8 bytes), align: 1
  Segment part 42.            Intra module refs:   ?Subroutine0
                                                   MRFI_Init
                                                   spiBurstFifoAccess
                                                   spiRegAccess
           LOCAL                   ADDRESS         
           =====                   =======         
           ?Subroutine13           6668 
    -------------------------------------------------------------------------
<CODE> 1 (was CODE)
  Relative segment, address: 6516 - 6519 (0x4 bytes), align: 1
  Segment part 47.            Intra module refs:   MRFI_Init
                                                   Mrfi_SyncPinRxIsr
           LOCAL                   ADDRESS         
           =====                   =======         
           ?Subroutine16           6516 
    -------------------------------------------------------------------------
<CODE> 1 (was CODE)
  Relative segment, address: 651A - 6523 (0xa bytes), align: 1
  Segment part 48.            Intra module refs:   ?Subroutine16
                                                   MRFI_Init
    -------------------------------------------------------------------------
<CODE> 1 (was CODE)
  Relative segment, address: 6680 - 6687 (0x8 bytes), align: 1
  Segment part 56.            Intra module refs:   ?Subroutine17
                                                   Mrfi_RxModeOn
                                                   Mrfi_SyncPinRxIsr
           LOCAL                   ADDRESS         
           =====                   =======         
           ?Subroutine25           6680 
    -------------------------------------------------------------------------
<CODE> 1 (was CODE)
  Relative segment, address: 6678 - 667F (0x8 bytes), align: 1
  Segment part 65.            Intra module refs:   ?Subroutine0
                                                   MRFI_Init
                                                   MRFI_WakeUp
                                                   mrfiSpiInit
                                                   spiBurstFifoAccess
           LOCAL                   ADDRESS         
           =====                   =======         
           ?Subroutine11           6678 
    -------------------------------------------------------------------------
<CODE> 1 (was CODE)
  Relative segment, address: 65A8 - 65B3 (0xc bytes), align: 1
  Segment part 86.            Intra module refs:   MRFI_Init
                                                   MRFI_Transmit
           LOCAL                   ADDRESS         
           =====                   =======         
           ?Subroutine18           65A8 
    -------------------------------------------------------------------------
<CODE> 1 (was CODE)
  Relative segment, address: 655C - 6569 (0xe bytes), align: 1
  Segment part 87.            Intra module refs:   MRFI_Init
                                                   MRFI_Transmit
           LOCAL                   ADDRESS         
           =====                   =======         
           ?Subroutine15           655C 
    -------------------------------------------------------------------------
<CODE> 1 (was CODE)
  Relative segment, address: 4B5A - 4C5B (0x102 bytes), align: 1
  Segment part 90.
           ENTRY                   ADDRESS         REF BY
           =====                   =======         ======
           MRFI_Init               4B5A            SMPL_Init (nwk_api)
               calls direct
               CSTACK = 00000000 ( 00000006 )
    -------------------------------------------------------------------------
<CODE> 1 (was CODE)
  Relative segment, address: 6640 - 6647 (0x8 bytes), align: 1
  Segment part 91.            Intra module refs:   ?Subroutine12
                                                   ?Subroutine6
                                                   MRFI_Init
                                                   spiBurstFifoAccess
           LOCAL                   ADDRESS         
           =====                   =======         
           ?Subroutine23           6640 
    -------------------------------------------------------------------------
<CODE> 1 (was CODE)
  Relative segment, address: 662C - 6635 (0xa bytes), align: 1
  Segment part 92.            Intra module refs:   MRFI_Init
                                                   MRFI_Transmit
           LOCAL                   ADDRESS         
           =====                   =======         
           ?Subroutine17           662C 
    -------------------------------------------------------------------------
<CODE> 1 (was CODE)
  Relative segment, address: 65D8 - 65E3 (0xc bytes), align: 1
  Segment part 93.            Intra module refs:   MRFI_Init
                                                   MRFI_WakeUp
           LOCAL                   ADDRESS         
           =====                   =======         
           ?Subroutine12           65D8 
    -------------------------------------------------------------------------
<CODE> 1 (was CODE)
  Relative segment, address: 6498 - 64A7 (0x10 bytes), align: 1
  Segment part 94.            Intra module refs:   MRFI_Init
                                                   MRFI_Transmit
                                                   Mrfi_SyncPinRxIsr
                                                   mrfiSpiWriteReg
           LOCAL                   ADDRESS         
           =====                   =======         
           ?Subroutine2            6498 
    -------------------------------------------------------------------------
<CODE> 1 (was CODE)
  Relative segment, address: 625C - 6275 (0x1a bytes), align: 1
  Segment part 83.            Intra module refs:   MRFI_Transmit
           LOCAL                   ADDRESS         
           =====                   =======         
           MRFI_PrepareToTx        625C 
               calls direct
               CSTACK = 00000000 ( 00000006 )
    -------------------------------------------------------------------------
<CODE> 1 (was CODE)
  Relative segment, address: 6650 - 6657 (0x8 bytes), align: 1
  Segment part 89.            Intra module refs:   MRFI_Transmit
           LOCAL                   ADDRESS         
           =====                   =======         
           mrfi_TxCCADone          6650 
               CSTACK = 00000000 ( 00000004 )
    -------------------------------------------------------------------------
<CODE> 1 (was CODE)
  Relative segment, address: 6648 - 664F (0x8 bytes), align: 1
  Segment part 88.            Intra module refs:   MRFI_Transmit
           LOCAL                   ADDRESS         
           =====                   =======         
           mrfi_TxImmediateDone    6648 
               CSTACK = 00000000 ( 00000004 )
    -------------------------------------------------------------------------
<CODE> 1 (was CODE)
  Relative segment, address: 65FA - 6603 (0xa bytes), align: 1
  Segment part 53.            Intra module refs:   MRFI_Transmit
                                                   spiBurstFifoAccess
           LOCAL                   ADDRESS         
           =====                   =======         
           ?Subroutine5            65FA 
    -------------------------------------------------------------------------
<CODE> 1 (was CODE)
  Relative segment, address: 65C0 - 65CB (0xc bytes), align: 1
  Segment part 58.            Intra module refs:   MRFI_Transmit
                                                   Mrfi_RxModeOff
                                                   Mrfi_SyncPinRxIsr
           LOCAL                   ADDRESS         
           =====                   =======         
           ?Subroutine10           65C0 
    -------------------------------------------------------------------------
DATA16_C
  Relative segment, address: 44AA - 44AD (0x4 bytes), align: 0
  Segment part 28.            Intra module refs:   MRFI_SetLogicalChannel
           LOCAL                   ADDRESS         
           =====                   =======         
           mrfiLogicalChanTable    44AA 
    -------------------------------------------------------------------------
DATA16_C
  Relative segment, address: 44AE - 44B0 (0x3 bytes), align: 0
  Segment part 29.            Intra module refs:   MRFI_SetRFPwr
           LOCAL                   ADDRESS         
           =====                   =======         
           mrfiRFPowerTable        44AE 
    -------------------------------------------------------------------------
DATA16_Z
  Relative segment, address: 24F6 - 24F6 (0x1 bytes), align: 0
  Segment part 30.            Intra module refs:   MRFI_RxAddrIsFiltered
           LOCAL                   ADDRESS         
           =====                   =======         
           mrfiRxFilterEnabled     24F6 
    -------------------------------------------------------------------------
DATA16_I
  Relative segment, address: 2408 - 240B (0x4 bytes), align: 0
  Segment part 31.            Intra module refs:   MRFI_RxAddrIsFiltered
           LOCAL                   ADDRESS         
           =====                   =======         
           mrfiRxFilterAddr        2408 
    -------------------------------------------------------------------------
<CODE> 1 (was CODE)
  Relative segment, address: 5C2E - 5C3F (0x12 bytes), align: 1
  Segment part 59.            Intra module refs:   MRFI_Init
           ENTRY                   ADDRESS         REF BY
           =====                   =======         ======
           MRFI_SetRFPwr           5C2E 
               calls direct
               CSTACK = 00000000 ( 00000004 )
    -------------------------------------------------------------------------
<CODE> 1 (was CODE)
  Relative segment, address: 5C40 - 5C51 (0x12 bytes), align: 1
  Segment part 60.            Intra module refs:   MRFI_SetLogicalChannel
                                                   MRFI_SetRFPwr
                                                   MRFI_Transmit
           LOCAL                   ADDRESS         
           =====                   =======         
           ?Subroutine14           5C40 
    -------------------------------------------------------------------------
<CODE> 1 (was CODE)
  Relative segment, address: 5C52 - 5C65 (0x14 bytes), align: 1
  Segment part 61.            Intra module refs:   MRFI_Init
           ENTRY                   ADDRESS         REF BY
           =====                   =======         ======
           MRFI_SetLogicalChannel
                                   5C52 
               calls direct
               CSTACK = 00000000 ( 00000004 )
    -------------------------------------------------------------------------
<CODE> 1 (was CODE)
  Relative segment, address: 62C2 - 62D9 (0x18 bytes), align: 1
  Segment part 77.            Intra module refs:   ?Subroutine10
                                                   MRFI_WakeUp
           LOCAL                   ADDRESS         
           =====                   =======         
           ?Subroutine24           62C2 
    -------------------------------------------------------------------------
<CODE> 1 (was CODE)
  Relative segment, address: 4E0C - 4ED7 (0xcc bytes), align: 1
  Segment part 84.
           ENTRY                   ADDRESS         REF BY
           =====                   =======         ======
           MRFI_Transmit           4E0C            ?Subroutine0 (nwk_frame)
                                                   nwk_sendFrame (nwk_frame)
               calls direct
               CSTACK = 00000000 ( 00000010 )
    -------------------------------------------------------------------------
<CODE> 1 (was CODE)
  Relative segment, address: 6590 - 659B (0xc bytes), align: 1
  Segment part 85.            Intra module refs:   MRFI_Transmit
           LOCAL                   ADDRESS         
           =====                   =======         
           ?Subroutine19           6590 
    -------------------------------------------------------------------------
<CODE> 1 (was CODE)
  Relative segment, address: 6578 - 6583 (0xc bytes), align: 1
  Segment part 82.
           ENTRY                   ADDRESS         REF BY
           =====                   =======         ======
           MRFI_Receive            6578            MRFI_RxCompleteISR (nwk_frame)
               CSTACK = 00000000 ( 00000004 )
    -------------------------------------------------------------------------
<CODE> 1 (was CODE)
  Relative segment, address: 4ED8 - 4F99 (0xc2 bytes), align: 1
  Segment part 46.            Intra module refs:   MRFI_GpioIsr
           LOCAL                   ADDRESS         
           =====                   =======         
           Mrfi_SyncPinRxIsr       4ED8 
               calls direct
               CSTACK = 00000000 ( 00000008 )
    -------------------------------------------------------------------------
<CODE> 1 (was CODE)
  Relative segment, address: 6392 - 63A5 (0x14 bytes), align: 1
  Segment part 55.            Intra module refs:   ?Subroutine14
                                                   MRFI_RxOn
           LOCAL                   ADDRESS         
           =====                   =======         
           Mrfi_RxModeOn           6392 
               calls direct
               CSTACK = 00000000 ( 00000004 )
    -------------------------------------------------------------------------
<CODE> 1 (was CODE)
  Relative segment, address: 641A - 642B (0x12 bytes), align: 1
  Segment part 80.
           ENTRY                   ADDRESS         REF BY
           =====                   =======         ======
           MRFI_RxOn               641A            ?Subroutine1 (nwk_api)
                                                   SMPL_Init (nwk_api)
               calls direct
               CSTACK = 00000000 ( 00000004 )
    -------------------------------------------------------------------------
<CODE> 1 (was CODE)
  Relative segment, address: 63A6 - 63B9 (0x14 bytes), align: 1
  Segment part 81.            Intra module refs:   MRFI_RxIdle
                                                   MRFI_RxOn
           LOCAL                   ADDRESS         
           =====                   =======         
           ?Subroutine4            63A6 
    -------------------------------------------------------------------------
<CODE> 1 (was CODE)
  Relative segment, address: 63BA - 63CD (0x14 bytes), align: 1
  Segment part 57.            Intra module refs:   ?Subroutine3
                                                   MRFI_Init
                                                   MRFI_RxIdle
                                                   MRFI_Transmit
           LOCAL                   ADDRESS         
           =====                   =======         
           Mrfi_RxModeOff          63BA 
               calls direct
               CSTACK = 00000000 ( 00000004 )
    -------------------------------------------------------------------------
<CODE> 1 (was CODE)
  Relative segment, address: 64E8 - 64F7 (0x10 bytes), align: 1
  Segment part 78.            Intra module refs:   MRFI_Sleep
           ENTRY                   ADDRESS         REF BY
           =====                   =======         ======
           MRFI_RxIdle             64E8            ?Subroutine0 (nwk_api)
               calls direct
               CSTACK = 00000000 ( 00000004 )
    -------------------------------------------------------------------------
<CODE> 1 (was CODE)
  Relative segment, address: 618C - 61AB (0x20 bytes), align: 1
  Segment part 79.
           ENTRY                   ADDRESS         REF BY
           =====                   =======         ======
           MRFI_Sleep              618C            ?Subroutine0 (nwk_api)
               calls direct
               CSTACK = 00000000 ( 00000004 )
    -------------------------------------------------------------------------
<CODE> 1 (was CODE)
  Relative segment, address: 62AA - 62C1 (0x18 bytes), align: 1
  Segment part 76.
           ENTRY                   ADDRESS         REF BY
           =====                   =======         ======
           MRFI_WakeUp             62AA            ?Subroutine1 (nwk_api)
                                                   SMPL_Init (nwk_api)
               calls direct
               CSTACK = 00000000 ( 00000004 )
    -------------------------------------------------------------------------
<CODE> 1 (was CODE)
  Relative segment, address: 633A - 634F (0x16 bytes), align: 1
  Segment part 49.            Intra module refs:   BSP_GpioPort2Isr
           ENTRY                   ADDRESS         REF BY
           =====                   =======         ======
           MRFI_GpioIsr            633A 
               calls direct
               CSTACK = 00000000 ( 00000004 )
    -------------------------------------------------------------------------
CODE
  Segment part 75. NOT NEEDED.
           ENTRY                   ADDRESS         REF BY
           =====                   =======         ======
           MRFI_Rssi               
               calls direct
    -------------------------------------------------------------------------
<CODE> 1 (was CODE)
  Relative segment, address: 6048 - 606F (0x28 bytes), align: 1
  Segment part 33.            Intra module refs:   Mrfi_SyncPinRxIsr
           LOCAL                   ADDRESS         
           =====                   =======         
           Mrfi_CalculateRssi      6048 
               CSTACK = 00000000 ( 00000004 )
    -------------------------------------------------------------------------
<CODE> 1 (was CODE)
  Relative segment, address: 60E0 - 6103 (0x24 bytes), align: 1
  Segment part 74.            Intra module refs:   MRFI_Transmit
           ENTRY                   ADDRESS         REF BY
           =====                   =======         ======
           MRFI_RandomByte         60E0            nwk_frameInit (nwk_frame)
                                                   nwk_joinInit (nwk_join)
                                                   nwk_linkInit (nwk_link)
                                                   nwk_mgmtInit (nwk_mgmt)
                                                   nwk_pingInit (nwk_ping)
               CSTACK = 00000000 ( 00000004 )
    -------------------------------------------------------------------------
<CODE> 1 (was CODE)
  Relative segment, address: 61AC - 61C9 (0x1e bytes), align: 1
  Segment part 69.            Intra module refs:   ?Subroutine18
                                                   MRFI_DelayMs
                                                   MRFI_Init
                                                   MRFI_Transmit
           LOCAL                   ADDRESS         
           =====                   =======         
[...]
  02    uart_intfc_init
        | Stack used (prev) :  00000120
        | + function block  :  00000004
  04        memcpy
            | Stack used (prev) :  00000000
            | + function block  :  00000006
            |  Already listed
  04        nwk_QfindOldest
            | Stack used (prev) :  000000D2
            | + function block  :  00000018
            |  Already listed
  04        nwk_QadjustOrder
            | Stack used (prev) :  00000000
            | + function block  :  00000004
            |  Already listed
  04        nwk_getConnInfo
            | Stack used (prev) :  000000CC
            | + function block  :  00000006
            |  Already listed
  03      nwk_retrieveFrame
          | Stack used (prev) :  0000011C
          | + function block  :  00000014
  03      nwk_checkConnInfo
          | Stack used (prev) :  0000011C
          | + function block  :  00000004
  03      nwk_getConnInfo
          | Stack used (prev) :  000000CC
          | + function block  :  00000006
          |  Already listed
  02    SMPL_Receive
        | Stack used (prev) :  00000130
        | + function block  :  00000012
  03      nwk_setListenContext
          | Stack used (prev) :  0000011C
          | + function block  :  00000004
  04        nwk_setListenContext
            | Stack used (prev) :  0000011C
            | + function block  :  00000004
            |  Already listed
  03      nwk_getLocalLinkID
          | Stack used (prev) :  00000120
          | + function block  :  00000004
  03      MRFI_GetRadioState
          | Stack used (prev) :  0000011C
          | + function block  :  00000004
  03      MRFI_DelayMs
          | Stack used (prev) :  0000000C
          | + function block  :  00000006
          |  Already listed
  04        mrfiSpiCmdStrobe
            | Stack used (prev) :  00000000
            | + function block  :  00000004
            |  Already listed
  04        mrfiSpiCmdStrobe
            | Stack used (prev) :  00000000
            | + function block  :  00000004
            |  Already listed
  03      MRFI_WakeUp
          | Stack used (prev) :  0000011C
          | + function block  :  00000004
  05          Mrfi_RxModeOff
              | Stack used (prev) :  00000004
              | + function block  :  00000004
              |  Already listed
  04        MRFI_RxIdle
            | Stack used (prev) :  0000011C
            | + function block  :  00000004
  04        mrfiSpiCmdStrobe
            | Stack used (prev) :  00000000
            | + function block  :  00000004
            |  Already listed
  03      MRFI_Sleep
          | Stack used (prev) :  00000120
          | + function block  :  00000004
  03      MRFI_RxIdle
          | Stack used (prev) :  0000011C
          | + function block  :  00000004
          |  Already listed
  04        Mrfi_RxModeOn
            | Stack used (prev) :  00000004
            | + function block  :  00000004
            |  Already listed
  03      MRFI_RxOn
          | Stack used (prev) :  0000011C
          | + function block  :  00000004
  02    SMPL_LinkListen
        | Stack used (prev) :  00000124
        | + function block  :  0000000C
  03      nwk_join
          | Stack used (prev) :  0000011C
          | + function block  :  00000004
  04        memset
            | Stack used (prev) :  00000000
            | + function block  :  00000006
            |  Already listed
  04        memcpy
            | Stack used (prev) :  00000000
            | + function block  :  00000006
            |  Already listed
  04        nwk_securityInit
            | Stack used (prev) :  0000011C
            | + function block  :  00000004
  05          MRFI_RandomByte
              | Stack used (prev) :  00000000
              | + function block  :  00000004
              |  Already listed
  04        nwk_pingInit
            | Stack used (prev) :  0000011C
            | + function block  :  00000004
  05          memset
              | Stack used (prev) :  00000000
              | + function block  :  00000006
              |  Already listed
  05          MRFI_RandomByte
              | Stack used (prev) :  00000000
              | + function block  :  00000004
              |  Already listed
  04        nwk_mgmtInit
            | Stack used (prev) :  0000011C
            | + function block  :  00000004
  05          memset
              | Stack used (prev) :  00000000
              | + function block  :  00000006
              |  Already listed
  05          MRFI_RandomByte
              | Stack used (prev) :  00000000
              | + function block  :  00000004
              |  Already listed
  04        nwk_linkInit
            | Stack used (prev) :  0000011C
            | + function block  :  00000004
  05          nwk_setLinkToken
              | Stack used (prev) :  0000011C
              | + function block  :  00000004
  05          nwk_getSFInfoPtr
              | Stack used (prev) :  0000011C
              | + function block  :  00000004
  05          MRFI_RandomByte
              | Stack used (prev) :  00000000
              | + function block  :  00000004
              |  Already listed
  04        nwk_joinInit
            | Stack used (prev) :  00000120
            | + function block  :  00000004
  04        nwk_getBCastAddress
            | Stack used (prev) :  00000000
            | + function block  :  00000004
            |  Already listed
  05          memset
              | Stack used (prev) :  00000000
              | + function block  :  00000006
              |  Already listed
  05          memcpy
              | Stack used (prev) :  00000000
              | + function block  :  00000006
              |  Already listed
  04        nwk_globalsInit
            | Stack used (prev) :  0000011C
            | + function block  :  00000004
  04        nwk_freqInit
            | Stack used (prev) :  0000011C
            | + function block  :  00000004
  05          nwk_getMyAddress
              | Stack used (prev) :  000000C8
              | + function block  :  00000004
              |  Already listed
  05          MRFI_RandomByte
              | Stack used (prev) :  00000000
              | + function block  :  00000004
              |  Already listed
  04        nwk_frameInit
            | Stack used (prev) :  0000011C
            | + function block  :  00000004
  05          memset
              | Stack used (prev) :  00000000
              | + function block  :  00000006
              |  Already listed
  04        nwk_QInit
            | Stack used (prev) :  0000011C
            | + function block  :  00000004
  03      nwk_nwkInit
          | Stack used (prev) :  00000124
          | + function block  :  00000008
  03      MRFI_WakeUp
          | Stack used (prev) :  0000011C
          | + function block  :  00000004
          |  Already listed
  03      MRFI_RxOn
          | Stack used (prev) :  0000011C
          | + function block  :  00000004
          |  Already listed
  04        memset
            | Stack used (prev) :  00000000
            | + function block  :  00000006
            |  Already listed
  04        mrfiSpiWriteReg
            | Stack used (prev) :  00000004
            | + function block  :  00000004
            |  Already listed
  04        mrfiSpiWriteReg
            | Stack used (prev) :  00000004
            | + function block  :  00000004
            |  Already listed
  04        mrfiSpiWriteReg
            | Stack used (prev) :  00000004
            | + function block  :  00000004
            |  Already listed
  04        mrfiSpiReadReg
            | Stack used (prev) :  00000004
            | + function block  :  00000004
            |  Already listed
  04        mrfiSpiReadReg
            | Stack used (prev) :  00000004
            | + function block  :  00000004
            |  Already listed
  04        mrfiSpiReadReg
            | Stack used (prev) :  00000004
            | + function block  :  00000004
            |  Already listed
  04        mrfiSpiInit
            | Stack used (prev) :  0000011C
            | + function block  :  00000004
  04        Mrfi_DelayUsec
            | Stack used (prev) :  00000004
            | + function block  :  00000008
            |  Already listed
  04        Mrfi_DelayUsec
            | Stack used (prev) :  00000004
            | + function block  :  00000008
            |  Already listed
  04        Mrfi_DelayUsec
            | Stack used (prev) :  00000004
            | + function block  :  00000008
            |  Already listed
  04        Mrfi_RxModeOff
            | Stack used (prev) :  00000004
            | + function block  :  00000004
            |  Already listed
  05          mrfiSpiWriteReg
              | Stack used (prev) :  00000004
              | + function block  :  00000004
              |  Already listed
  05          Mrfi_RxModeOff
              | Stack used (prev) :  00000004
              | + function block  :  00000004
              |  Already listed
  05          Mrfi_RxModeOn
              | Stack used (prev) :  00000004
              | + function block  :  00000004
              |  Already listed
  04        MRFI_SetLogicalChannel
            | Stack used (prev) :  0000011C
            | + function block  :  00000004
  05          mrfiSpiWriteReg
              | Stack used (prev) :  00000004
              | + function block  :  00000004
              |  Already listed
  05          Mrfi_RxModeOff
              | Stack used (prev) :  00000004
              | + function block  :  00000004
              |  Already listed
  05          Mrfi_RxModeOn
              | Stack used (prev) :  00000004
              | + function block  :  00000004
              |  Already listed
  04        MRFI_SetRFPwr
            | Stack used (prev) :  0000011C
            | + function block  :  00000004
  04        mrfiSpiCmdStrobe
            | Stack used (prev) :  00000000
            | + function block  :  00000004
            |  Already listed
  03      MRFI_Init
          | Stack used (prev) :  00000120
          | + function block  :  00000006
  02    SMPL_Init
        | Stack used (prev) :  0000012C
        | + function block  :  00000008
  02    sw_init
        | Stack used (prev) :  0000011C
        | + function block  :  00000004
  04        pop_buffer
            | Stack used (prev) :  0000011C
            | + function block  :  0000000C
  03      uart_rxFromBuffer
          | Stack used (prev) :  00000128
          | + function block  :  00000006
  07              memcpy
                  | Stack used (prev) :  00000000
                  | + function block  :  00000006
                  |  Already listed
  07              nwk_isSandFClient
                  | Stack used (prev) :  00000006
                  | + function block  :  00000010
                  |  Already listed
  07              nwk_sendFrame
                  | Stack used (prev) :  00000028
                  | + function block  :  00000006
                  |  Already listed
  08                nwk_buildFrame
                    | Stack used (prev) :  000000C8
                    | + function block  :  00000010
                    |  Already listed
  07              nwk_buildAckReqFrame
                  | Stack used (prev) :  0000011C
                  | + function block  :  00000004
  07              nwk_buildFrame
                  | Stack used (prev) :  000000C8
                  | + function block  :  00000010
                  |  Already listed
  07              nwk_checkConnInfo
                  | Stack used (prev) :  0000011C
                  | + function block  :  00000004
                  |  Already listed
  07              nwk_getConnInfo
                  | Stack used (prev) :  000000CC
                  | + function block  :  00000006
                  |  Already listed
  07              MRFI_GetRadioState
                  | Stack used (prev) :  0000011C
                  | + function block  :  00000004
                  |  Already listed
  08                BSP_Delay
                    | Stack used (prev) :  00000000
                    | + function block  :  00000004
                    |  Already listed
  07              MRFI_ReplyDelay
                  | Stack used (prev) :  0000011C
                  | + function block  :  0000000C
  07              MRFI_WakeUp
                  | Stack used (prev) :  0000011C
                  | + function block  :  00000004
                  |  Already listed
  07              MRFI_Sleep
                  | Stack used (prev) :  00000120
                  | + function block  :  00000004
                  |  Already listed
  07              MRFI_RxIdle
                  | Stack used (prev) :  0000011C
                  | + function block  :  00000004
                  |  Already listed
  07              MRFI_RxOn
                  | Stack used (prev) :  0000011C
                  | + function block  :  00000004
                  |  Already listed
  06            SMPL_SendOpt
                | Stack used (prev) :  00000128
                | + function block  :  00000016
  05          SMPL_Send
              | Stack used (prev) :  0000013E
              | + function block  :  00000004
  04        pgn_requestDescription
            | Stack used (prev) :  00000142
            | + function block  :  00000008
  03      pgn_processMessage
          | Stack used (prev) :  0000014A
          | + function block  :  00000004
  04        SMPL_Send
            | Stack used (prev) :  0000013E
            | + function block  :  00000004
            |  Already listed
  03      rf_sendMessage
          | Stack used (prev) :  00000142
          | + function block  :  00000006
  02    uart_processMessage
        | Stack used (prev) :  0000014E
        | + function block  :  0000000C
  05          push_buffer
              | Stack used (prev) :  000000A8
              | + function block  :  0000000C
              |  Already listed
  04        uart_txToBuffer
            | Stack used (prev) :  0000011C
            | + function block  :  00000008
  04        pop_buffer
            | Stack used (prev) :  0000011C
            | + function block  :  0000000C
            |  Already listed
  03      uart_txData
          | Stack used (prev) :  00000128
          | + function block  :  00000010
  02    processMessage
        | Stack used (prev) :  00000138
        | + function block  :  00000010
  02    toggleLED
        | Stack used (prev) :  0000011C
        | + function block  :  00000004
  02    toggleLED
        | Stack used (prev) :  0000011C
        | + function block  :  00000004
        |  Already listed
  03      BSP_InitButtons
          | Stack used (prev) :  0000011C
          | + function block  :  00000004
  03      BSP_InitLeds
          | Stack used (prev) :  0000011C
          | + function block  :  00000004
  05          SetVCoreUp
              | Stack used (prev) :  0000011C
              | + function block  :  00000004
  05          SetVCoreDown
              | Stack used (prev) :  0000011C
              | + function block  :  00000004
  04        SetVCore
            | Stack used (prev) :  00000120
            | + function block  :  00000006
  03      BSP_InitBoard
          | Stack used (prev) :  00000126
          | + function block  :  00000004
  02    BSP_Init
        | Stack used (prev) :  0000012A
        | + function block  :  00000006
  01  main
      | Stack used (prev) :  0000015A
      | + function block  :  00000012
  <-Sub-tree of type: Function tree
    | Stack used          :  0000016C


  ->Sub-tree of type: Function tree
                             CSTACK
    | Stack used (prev) :  0000016C
  01  exit
      | Stack used (prev) :  0000016C
      | + function block  :  00000004
  <-Sub-tree of type: Function tree
    | Stack used          :  00000170


  ->Sub-tree of type: Function tree
                             CSTACK
    | Stack used (prev) :  00000170
  01  __data16_memzero
      | Stack used (prev) :  00000170
      | + function block  :  00000004
  <-Sub-tree of type: Function tree
    | Stack used          :  00000174


  ->Sub-tree of type: Function tree
                             CSTACK
    | Stack used (prev) :  00000174
  02    memcpy
        | Stack used (prev) :  00000000
        | + function block  :  00000006
        |  Already listed
  01  __data16_memcpy
      | Stack used (prev) :  00000174
      | + function block  :  00000004
  <-Sub-tree of type: Function tree
    | Stack used          :  00000178




                ****************************************
                *                                      *
                *      SEGMENTS IN ADDRESS ORDER       *
                *                                      *
                ****************************************


SEGMENT              SPACE    START ADDRESS   END ADDRESS     SIZE  TYPE  ALIGN
=======              =====    =============   ===========     ====  ====  =====
DATA16_AN                              0102 - 0103               2   rel    0
                                       0120 - 0121               2 
                                       0124 - 0127               4 
                                       012C - 012D               2 
                                       015C - 015D               2 
                                       0160 - 0169               A 
                                       016C - 016F               4 
                                       0200 - 0207               8 
                                       020A - 020B               2 
                                       0218 - 021D               6 
                                       0220 - 0221               2 
                                       0224 - 0225               2 
                                       022A - 022B               2 
                                       024A - 024B               2 
                                       0340 - 0343               4 
                                       0350 - 0353               4 
                                       05C0 - 05C1               2 
                                       05C6 - 05C8               3 
                                       05CA - 05CA               1 
                                       05CC - 05CC               1 
                                       05CE - 05CE               1 
                                       05DC - 05E1               6 
                                       05E6 - 05E7               2 
                                       05EC - 05EC               1 
                                       05EE - 05EE               1 
                                       05FC - 05FD               2 
DATA16_I                               2400 - 248C              8D   rel    1
DATA16_Z                               248E - 26A6             219   rel    1
CSTACK                                 42D4 - 43FF             12C   rel    1
CSTART                                 4400 - 442F              30   rel    1
ISR_CODE                               4430 - 444F              20   rel    1
DATA16_C                               4450 - 44B4              65   rel    1
DATA16_ID                              44B6 - 4542              8D   rel    1
<CODE> 1                               4544 - 66D1            218E   rel    1
INTVEC                                 FF80 - FFF1              72   com    1
RESET                                  FFFE - FFFF               2   rel    1

                ****************************************
                *                                      *
                *        END OF CROSS REFERENCE        *
                *                                      *
                ****************************************

 8 786 bytes of CODE  memory
   978 bytes of DATA  memory (+ 78 absolute )
   242 bytes of CONST memory

Errors: none
Warnings: none

